Archive member included to satisfy reference by file (symbol)

C:/msys64/opt/devkitpro/libnds/lib\libdswifi9.a(sgIP_DNS.o)
                              wifi.o (inet_addr)
C:/msys64/opt/devkitpro/libnds/lib\libdswifi9.a(sgIP_Hub.o)
                              C:/msys64/opt/devkitpro/libnds/lib\libdswifi9.a(sgIP_DNS.o) (sgIP_Hub_GetDefaultInterface)
C:/msys64/opt/devkitpro/libnds/lib\libdswifi9.a(sgIP_memblock.o)
                              C:/msys64/opt/devkitpro/libnds/lib\libdswifi9.a(sgIP_Hub.o) (sgIP_memblock_free)
C:/msys64/opt/devkitpro/libnds/lib\libdswifi9.a(sgIP_sockets.o)
                              wifi.o (socket)
C:/msys64/opt/devkitpro/libnds/lib\libdswifi9.a(wifi_arm9.o)
                              C:/msys64/opt/devkitpro/libnds/lib\libdswifi9.a(sgIP_DNS.o) (sgIP_IntrWaitEvent)
C:/msys64/opt/devkitpro/libnds/lib\libdswifi9.a(sgIP_ARP.o)
                              C:/msys64/opt/devkitpro/libnds/lib\libdswifi9.a(wifi_arm9.o) (sgIP_ARP_FlushInterface)
C:/msys64/opt/devkitpro/libnds/lib\libdswifi9.a(sgIP.o)
                              C:/msys64/opt/devkitpro/libnds/lib\libdswifi9.a(wifi_arm9.o) (sgIP_Init)
C:/msys64/opt/devkitpro/libnds/lib\libdswifi9.a(sgIP_UDP.o)
                              C:/msys64/opt/devkitpro/libnds/lib\libdswifi9.a(sgIP.o) (sgIP_UDP_Init)
C:/msys64/opt/devkitpro/libnds/lib\libdswifi9.a(sgIP_DHCP.o)
                              C:/msys64/opt/devkitpro/libnds/lib\libdswifi9.a(sgIP.o) (sgIP_DHCP_Init)
C:/msys64/opt/devkitpro/libnds/lib\libdswifi9.a(spinlock.o)
                              C:/msys64/opt/devkitpro/libnds/lib\libdswifi9.a(wifi_arm9.o) (SLasm_Acquire)
C:/msys64/opt/devkitpro/libnds/lib\libdswifi9.a(sgIP_TCP.o)
                              C:/msys64/opt/devkitpro/libnds/lib\libdswifi9.a(sgIP.o) (sgIP_TCP_Init)
C:/msys64/opt/devkitpro/libnds/lib\libdswifi9.a(sgIP_IP.o)
                              C:/msys64/opt/devkitpro/libnds/lib\libdswifi9.a(sgIP.o) (sgIP_IP_ReceivePacket)
C:/msys64/opt/devkitpro/libnds/lib\libdswifi9.a(sgIP_ICMP.o)
                              C:/msys64/opt/devkitpro/libnds/lib\libdswifi9.a(sgIP_IP.o) (sgIP_ICMP_ReceivePacket)
C:/msys64/opt/devkitpro/libnds/lib\libfat.a(libfat.o)
                              main.o (fatInitDefault)
C:/msys64/opt/devkitpro/libnds/lib\libfat.a(disc.o)
                              C:/msys64/opt/devkitpro/libnds/lib\libfat.a(libfat.o) (_FAT_disc_interfaces)
C:/msys64/opt/devkitpro/libnds/lib\libfat.a(fatfile.o)
                              C:/msys64/opt/devkitpro/libnds/lib\libfat.a(libfat.o) (_FAT_open_r)
C:/msys64/opt/devkitpro/libnds/lib\libfat.a(cache.o)
                              C:/msys64/opt/devkitpro/libnds/lib\libfat.a(fatfile.o) (_FAT_cache_readSectors)
C:/msys64/opt/devkitpro/libnds/lib\libfat.a(fatdir.o)
                              C:/msys64/opt/devkitpro/libnds/lib\libfat.a(libfat.o) (_FAT_stat_r)
C:/msys64/opt/devkitpro/libnds/lib\libfat.a(directory.o)
                              C:/msys64/opt/devkitpro/libnds/lib\libfat.a(fatfile.o) (_FAT_directory_entryGetCluster)
C:/msys64/opt/devkitpro/libnds/lib\libfat.a(partition.o)
                              C:/msys64/opt/devkitpro/libnds/lib\libfat.a(libfat.o) (_FAT_partition_constructor)
C:/msys64/opt/devkitpro/libnds/lib\libfat.a(lock.o)
                              C:/msys64/opt/devkitpro/libnds/lib\libfat.a(partition.o) (_FAT_lock_init)
C:/msys64/opt/devkitpro/libnds/lib\libfat.a(filetime.o)
                              C:/msys64/opt/devkitpro/libnds/lib\libfat.a(fatfile.o) (_FAT_filetime_getTimeFromRTC)
C:/msys64/opt/devkitpro/libnds/lib\libfat.a(file_allocation_table.o)
                              C:/msys64/opt/devkitpro/libnds/lib\libfat.a(fatfile.o) (_FAT_fat_nextCluster)
C:/msys64/opt/devkitpro/libnds/lib\libnds9.a(background.o)
                              graphics.o (bgState)
C:/msys64/opt/devkitpro/libnds/lib\libnds9.a(video.o)
                              main.o (setBrightness)
C:/msys64/opt/devkitpro/libnds/lib\libnds9.a(touch.o)
                              main.o (touchRead)
C:/msys64/opt/devkitpro/libnds/lib\libnds9.a(sassert.o)
                              graphics.o (__sassert)
C:/msys64/opt/devkitpro/libnds/lib\libnds9.a(sprite_alloc.o)
                              graphics.o (oamAllocateGfx)
C:/msys64/opt/devkitpro/libnds/lib\libnds9.a(console.o)
                              wifi.o (consoleSelect)
C:/msys64/opt/devkitpro/libnds/lib\libnds9.a(trig.o)
                              menu.o (sinLerp)
C:/msys64/opt/devkitpro/libnds/lib\libnds9.a(keyboard.o)
                              graphics.o (keyboardInit)
C:/msys64/opt/devkitpro/libnds/lib\libnds9.a(sprite.o)
                              graphics.o (oamInit)
C:/msys64/opt/devkitpro/libnds/lib\libnds9.a(sound.o)
                              view.o (soundEnable)
C:/msys64/opt/devkitpro/libnds/lib\libnds9.a(keys.o)
                              main.o (scanKeys)
[...]
Memory Configuration

Name             Origin             Length             Attributes
ewram            0x0000000002000000 0x0000000000380000
dtcm             0x000000000b000000 0x0000000000004000
vectors          0x0000000001000000 0x0000000000000100
itcm             0x0000000001000100 0x0000000000007f00
*default*        0x0000000000000000 0xffffffffffffffff

Linker script and memory map

                0x0000000002380000                __ewram_end = (ORIGIN (ewram) + LENGTH (ewram))
                0x0000000002380000                __eheap_end = (ORIGIN (ewram) + LENGTH (ewram))
                0x000000000b004000                __dtcm_top = (ORIGIN (dtcm) + LENGTH (dtcm))
                0x000000000b003ff8                __irq_flags = (__dtcm_top - 0x8)
                0x000000000b003ffc                __irq_vector = (__dtcm_top - 0x4)
                0x000000000b003f00                __sp_svc = (__dtcm_top - 0x100)
                0x000000000b003e00                __sp_irq = (__sp_svc - 0x100)
                0x000000000b003d00                __sp_usr = (__sp_irq - 0x100)

.secure         0x0000000002000000      0x800
 *(.secure)
 .secure        0x0000000002000000      0x800 C:/msys64/opt/devkitpro/libnds/lib\libnds9.a(securearea.o)
                0x0000000002000000                __secure_area__

.crt0           0x0000000002000800      0x300
                0x0000000002000800                __text_start = .
 *(.crt0)
 .crt0          0x0000000002000800      0x300 c:/msys64/opt/devkitpro/devkitarm/bin/../lib/gcc/arm-none-eabi/8.3.0/../../../../arm-none-eabi/lib/thumb/ds_arm9_crt0.o
                0x0000000002000800                _start
                0x0000000002000b00                . = ALIGN (0x4)

.plt
 *(.plt)

.init           0x0000000002000b00        0xc
 *(SORT_NONE(.init))
 .init          0x0000000002000b00        0x4 c:/msys64/opt/devkitpro/devkitarm/bin/../lib/gcc/arm-none-eabi/8.3.0/thumb/crti.o
                0x0000000002000b00                _init
 .init          0x0000000002000b04        0x8 c:/msys64/opt/devkitpro/devkitarm/bin/../lib/gcc/arm-none-eabi/8.3.0/thumb/crtn.o

.text           0x0000000002000b40    0x280e0
 *(EXCLUDE_FILE(*.twl* *.vectors* *.itcm*) .text)
 .text          0x0000000002000b40      0x478 wifi.o
                0x0000000002000b40                estado_escanearAP
                0x0000000002000c90                estado_introducir_clave
                0x0000000002000d00                estado_conectando
                0x0000000002000dfc                eliminarEscanearAP
                0x0000000002000e8c                iniciarWifi
                0x0000000002000f2c                apagarWifi
                0x0000000002000f74                cargarEscanearAP
 .text          0x0000000002000fb8      0x618 graphics.o
                0x0000000002000fcc                freeSprite
                0x0000000002001040                updateSprite
                0x0000000002001090                spriteTouched
                0x00000000020010d8                cloneSprite
                0x0000000002001100                loadFile
                0x0000000002001158                dmaCopyBuffer
                0x00000000020011d4                iniciarGfx
                0x00000000020013d8                loadBitmap8
                0x000000000200154c                loadSprite
                0x00000000020015ac                loadFileTo
 .text          0x00000000020015d0      0x4e8 interfaces.o
                0x00000000020015d0                eliminarInterfaces
                0x0000000002001654                interfaces_printTable
                0x0000000002001904                estado_interfaces
                0x0000000002001a24                cargarInterfaces
 .text          0x0000000002001ab8      0x38c tftp.o
                0x0000000002001ab8                sendWriteRequest
                0x0000000002001c24                readACK
                0x0000000002001cf4                sendNextPacket
                0x0000000002001d70                TFTP_SendFile
 .text          0x0000000002001e44      0x460 alarm.o
                0x0000000002001e44                eliminarAlarma
                0x0000000002001eb0                cargarAlarma
                0x0000000002001ee0                estado_alarma
 .text          0x00000000020022a4      0x2f8 menu.o
                0x00000000020022f0                eliminarInicio
                0x0000000002002360                eliminarMenu
                0x00000000020023e0                cargarInicio
                0x0000000002002418                estado_inicio
                0x000000000200244c                cargarMenu
                0x0000000002002508                estado_menu
 .text          0x000000000200259c      0x520 asn1.o
                0x000000000200259c                asn1_tx_length
                0x00000000020025e8                asn1_tx_integer
                0x000000000200267c                asn1_tx_octetstring
                0x00000000020026c0                asn1_tx_sequence
                0x00000000020026e4                asn1_tx_contentend
                0x0000000002002708                asn1_tx_null
                0x000000000200272c                asn1_tx_oid
                0x00000000020027d8                asn1_oid_size
                0x0000000002002828                asn1_rx_length
                0x000000000200287c                asn1_rx_integer
                0x0000000002002904                asn1_rx_octetstring
                0x0000000002002958                asn1_rx_oid
                0x0000000002002a70                asn1_print_oid
 .text          0x0000000002002abc      0x998 snmp.o
                0x0000000002002abc                SNMP_CreateRequest
                0x0000000002002ae0                SNMP_FreeRequest
                0x0000000002002b54                SNMP_SetVarbind
                0x0000000002002c04                snmp_checkresponse
                0x0000000002002c6c                SNMP_RequestData
                0x00000000020030c4                SNMP_ReadTrap
 .text          0x0000000002003454       0xbc common.o
                0x0000000002003454                allocate
                0x0000000002003488                fileNotFoundError
                0x00000000020034b0                fadeIn
                0x00000000020034cc                fadeOut
                0x00000000020034e8                cambiarEstado
 .text          0x0000000002003510      0x4e4 config.o
                0x00000000020035b4                eliminarConfig
                0x0000000002003634                cargarConfig
                0x00000000020036c0                cargarIntroducirDatos
                0x000000000200379c                eliminarIntroducirDatos
                0x0000000002003870                estado_config
 .text          0x00000000020039f4      0x3a0 view.o
                0x00000000020039f4                micHandler
                0x0000000002003a54                eliminarView
                0x0000000002003ac0                cargarView
                0x0000000002003af0                estado_view
 .text          0x0000000002003d94      0x4ec systeminfo.o
                0x0000000002003d94                eliminarSystemInfo
                0x0000000002003e38                cargarSystemInfo
                0x0000000002003ef8                estado_systeminfo_get
                0x000000000200412c                estado_systeminfo
 .text          0x0000000002004280       0x5c C:/msys64/opt/devkitpro/libnds/lib\libdswifi9.a(spinlock.o)
                0x0000000002004280                SLasm_Acquire
                0x00000000020042b4                SLasm_Release
 *fill*         0x00000000020042dc       0x24 ff
 .text          0x0000000002004300     0x4000 C:/msys64/opt/devkitpro/libnds/lib\libnds9.a(dldi_stub.o)
                0x0000000002004300                _io_dldi_stub
 .text          0x0000000002008300       0x14 c:/msys64/opt/devkitpro/devkitarm/bin/../lib/gcc/arm-none-eabi/8.3.0/thumb\libgcc.a(_thumb1_case_uqi.o)
                0x0000000002008300                __gnu_thumb1_case_uqi
 .text          0x0000000002008314       0x14 c:/msys64/opt/devkitpro/devkitarm/bin/../lib/gcc/arm-none-eabi/8.3.0/thumb\libgcc.a(_thumb1_case_uhi.o)
                0x0000000002008314                __gnu_thumb1_case_uhi
 .text          0x0000000002008328      0x11c c:/msys64/opt/devkitpro/devkitarm/bin/../lib/gcc/arm-none-eabi/8.3.0/thumb\libgcc.a(_udivsi3.o)
                0x0000000002008328                __aeabi_uidiv
                0x0000000002008328                __udivsi3
                0x0000000002008424                __aeabi_uidivmod
 .text          0x0000000002008444      0x150 c:/msys64/opt/devkitpro/devkitarm/bin/../lib/gcc/arm-none-eabi/8.3.0/thumb\libgcc.a(_divsi3.o)
                0x0000000002008444                __divsi3
                0x0000000002008444                __aeabi_idiv
                0x0000000002008574                __aeabi_idivmod
 .text          0x0000000002008594        0x4 c:/msys64/opt/devkitpro/devkitarm/bin/../lib/gcc/arm-none-eabi/8.3.0/thumb\libgcc.a(_dvmd_tls.o)
                0x0000000002008594                __aeabi_idiv0
                0x0000000002008594                __aeabi_ldiv0
 .text          0x0000000002008598       0xd4 c:/msys64/opt/devkitpro/devkitarm/bin/../lib/gcc/arm-none-eabi/8.3.0/thumb\libgcc.a(_aeabi_ldivmod.o)
                0x0000000002008598                __aeabi_ldivmod
 .text          0x000000000200866c       0x28 c:/msys64/opt/devkitpro/devkitarm/bin/../lib/gcc/arm-none-eabi/8.3.0/thumb\libgcc.a(_clzdi2.o)
                0x000000000200866c                __clzdi2
 .text          0x0000000002008694       0x48 c:/msys64/opt/devkitpro/devkitarm/bin/../lib/gcc/arm-none-eabi/8.3.0/thumb\libgcc.a(_clzsi2.o)
                0x0000000002008694                __clzsi2
 .text          0x00000000020086dc      0x224 c:/msys64/opt/devkitpro/devkitarm/bin/../lib/gcc/arm-none-eabi/8.3.0/../../../../arm-none-eabi/lib/thumb\libg.a(lib_a-strcmp.o)
                0x00000000020086dc                strcmp
 .text          0x0000000002008900       0x18 c:/msys64/opt/devkitpro/devkitarm/bin/../lib/gcc/arm-none-eabi/8.3.0/thumb\libgcc.a(_thumb1_case_si.o)
                0x0000000002008900                __gnu_thumb1_case_si
 .text          0x0000000002008918      0x424 c:/msys64/opt/devkitpro/devkitarm/bin/../lib/gcc/arm-none-eabi/8.3.0/thumb\libgcc.a(_arm_addsubdf3.o)
                0x0000000002008918                __aeabi_drsub
                0x0000000002008920                __aeabi_dsub
                0x0000000002008920                __subdf3
                0x0000000002008924                __aeabi_dadd
                0x0000000002008924                __adddf3
                0x0000000002008c34                __floatunsidf
                0x0000000002008c34                __aeabi_ui2d
                0x0000000002008c58                __floatsidf
                0x0000000002008c58                __aeabi_i2d
                0x0000000002008c80                __aeabi_f2d
                0x0000000002008c80                __extendsfdf2
                0x0000000002008cc8                __floatundidf
                0x0000000002008cc8                __aeabi_ul2d
                0x0000000002008cdc                __floatdidf
                0x0000000002008cdc                __aeabi_l2d
 .text          0x0000000002008d3c      0x49c c:/msys64/opt/devkitpro/devkitarm/bin/../lib/gcc/arm-none-eabi/8.3.0/thumb\libgcc.a(_arm_muldivdf3.o)
                0x0000000002008d3c                __aeabi_dmul
                0x0000000002008d3c                __muldf3
                0x0000000002008fcc                __divdf3
                0x0000000002008fcc                __aeabi_ddiv
 .text          0x00000000020091d8      0x144 c:/msys64/opt/devkitpro/devkitarm/bin/../lib/gcc/arm-none-eabi/8.3.0/thumb\libgcc.a(_arm_cmpdf2.o)
                0x00000000020091d8                __gtdf2
                0x00000000020091d8                __gedf2
                0x00000000020091e0                __ltdf2
                0x00000000020091e0                __ledf2
                0x00000000020091e8                __nedf2
                0x00000000020091e8                __eqdf2
                0x00000000020091e8                __cmpdf2
                0x0000000002009270                __aeabi_cdrcmple
                0x000000000200928c                __aeabi_cdcmpeq
                0x000000000200928c                __aeabi_cdcmple
                0x00000000020092a4                __aeabi_dcmpeq
                0x00000000020092bc                __aeabi_dcmplt
                0x00000000020092d4                __aeabi_dcmple
                0x00000000020092ec                __aeabi_dcmpge
                0x0000000002009304                __aeabi_dcmpgt
 .text          0x000000000200931c       0x38 c:/msys64/opt/devkitpro/devkitarm/bin/../lib/gcc/arm-none-eabi/8.3.0/thumb\libgcc.a(_arm_unorddf2.o)
                0x000000000200931c                __unorddf2
                0x000000000200931c                __aeabi_dcmpun
 .text          0x0000000002009354       0x5c c:/msys64/opt/devkitpro/devkitarm/bin/../lib/gcc/arm-none-eabi/8.3.0/thumb\libgcc.a(_arm_fixdfsi.o)
                0x0000000002009354                __aeabi_d2iz
                0x0000000002009354                __fixdfsi
 .text          0x00000000020093b0       0x54 c:/msys64/opt/devkitpro/devkitarm/bin/../lib/gcc/arm-none-eabi/8.3.0/thumb\libgcc.a(_arm_fixunsdfsi.o)
                0x00000000020093b0                __aeabi_d2uiz
                0x00000000020093b0                __fixunsdfsi
 .text          0x0000000002009404       0xa0 c:/msys64/opt/devkitpro/devkitarm/bin/../lib/gcc/arm-none-eabi/8.3.0/thumb\libgcc.a(_arm_truncdfsf2.o)
                0x0000000002009404                __truncdfsf2
                0x0000000002009404                __aeabi_d2f
 .text          0x00000000020094a4       0x3c c:/msys64/opt/devkitpro/devkitarm/bin/../lib/gcc/arm-none-eabi/8.3.0/thumb\libgcc.a(_aeabi_uldivmod.o)
                0x00000000020094a4                __aeabi_uldivmod
 *(EXCLUDE_FILE(*.twl* *.vectors* *.itcm*) .stub)
 *(EXCLUDE_FILE(*.twl* *.vectors* *.itcm*) .text.*)
 .text.deregister_tm_clones
                0x00000000020094e0       0x2c c:/msys64/opt/devkitpro/devkitarm/bin/../lib/gcc/arm-none-eabi/8.3.0/thumb/crtbegin.o
 .text.register_tm_clones
                0x000000000200950c       0x34 c:/msys64/opt/devkitpro/devkitarm/bin/../lib/gcc/arm-none-eabi/8.3.0/thumb/crtbegin.o
 .text.__do_global_dtors_aux
                0x0000000002009540       0x30 c:/msys64/opt/devkitpro/devkitarm/bin/../lib/gcc/arm-none-eabi/8.3.0/thumb/crtbegin.o
 .text.frame_dummy
                0x0000000002009570       0x28 c:/msys64/opt/devkitpro/devkitarm/bin/../lib/gcc/arm-none-eabi/8.3.0/thumb/crtbegin.o
 .text.startup  0x0000000002009598      0x174 main.o
                0x0000000002009598                main
 .text.sgIP_DNS_Init
                0x000000000200970c       0x38 C:/msys64/opt/devkitpro/libnds/lib\libdswifi9.a(sgIP_DNS.o)
                0x000000000200970c                sgIP_DNS_Init
 .text.sgIP_DNS_Timer1000ms
                0x0000000002009744       0x3c C:/msys64/opt/devkitpro/libnds/lib\libdswifi9.a(sgIP_DNS.o)
                0x0000000002009744                sgIP_DNS_Timer1000ms
 .text.sgIP_DNS_isipaddress
                0x0000000002009780      0x180 C:/msys64/opt/devkitpro/libnds/lib\libdswifi9.a(sgIP_DNS.o)
                0x0000000002009780                sgIP_DNS_isipaddress
 .text.sgIP_DNS_GetUnusedRecord
                0x0000000002009900       0x88 C:/msys64/opt/devkitpro/libnds/lib\libdswifi9.a(sgIP_DNS.o)
                0x0000000002009900                sgIP_DNS_GetUnusedRecord
 .text.inet_addr
                0x0000000002009988       0x16 C:/msys64/opt/devkitpro/libnds/lib\libdswifi9.a(sgIP_DNS.o)
                0x0000000002009988                inet_addr
 *fill*         0x000000000200999e        0x2 ff
 .text.sgIP_Hub_Init
                0x00000000020099a0       0x14 C:/msys64/opt/devkitpro/libnds/lib\libdswifi9.a(sgIP_Hub.o)
                0x00000000020099a0                sgIP_Hub_Init
 .text.sgIP_Hub_AddProtocolInterface
                0x00000000020099b4       0x3c C:/msys64/opt/devkitpro/libnds/lib\libdswifi9.a(sgIP_Hub.o)
                0x00000000020099b4                sgIP_Hub_AddProtocolInterface
 .text.sgIP_Hub_AddHardwareInterface
                0x00000000020099f0       0x3c C:/msys64/opt/devkitpro/libnds/lib\libdswifi9.a(sgIP_Hub.o)
                0x00000000020099f0                sgIP_Hub_AddHardwareInterface
 .text.sgIP_Hub_ReceiveHardwarePacket
                0x0000000002009a2c       0x5c C:/msys64/opt/devkitpro/libnds/lib\libdswifi9.a(sgIP_Hub.o)
                0x0000000002009a2c                sgIP_Hub_ReceiveHardwarePacket
 .text.sgIP_Hub_SendProtocolPacket
                0x0000000002009a88       0x40 C:/msys64/opt/devkitpro/libnds/lib\libdswifi9.a(sgIP_Hub.o)
                0x0000000002009a88                sgIP_Hub_SendProtocolPacket
 .text.sgIP_Hub_SendRawPacket
                0x0000000002009ac8       0x24 C:/msys64/opt/devkitpro/libnds/lib\libdswifi9.a(sgIP_Hub.o)
                0x0000000002009ac8                sgIP_Hub_SendRawPacket
 .text.sgIP_Hub_IPMaxMessageSize
                0x0000000002009aec        0x8 C:/msys64/opt/devkitpro/libnds/lib\libdswifi9.a(sgIP_Hub.o)
                0x0000000002009aec                sgIP_Hub_IPMaxMessageSize
 .text.sgIP_Hub_GetCompatibleIP
                0x0000000002009af4       0x14 C:/msys64/opt/devkitpro/libnds/lib\libdswifi9.a(sgIP_Hub.o)
                0x0000000002009af4                sgIP_Hub_GetCompatibleIP
 .text.htons    0x0000000002009b08        0xc C:/msys64/opt/devkitpro/libnds/lib\libdswifi9.a(sgIP_Hub.o)
                0x0000000002009b08                htons
 .text.htonl    0x0000000002009b14       0x1c C:/msys64/opt/devkitpro/libnds/lib\libdswifi9.a(sgIP_Hub.o)
                0x0000000002009b14                htonl
 .text.sgIP_memblock_Init
                0x0000000002009b30        0x2 C:/msys64/opt/devkitpro/libnds/lib\libdswifi9.a(sgIP_memblock.o)
                0x0000000002009b30                sgIP_memblock_Init
 .text.sgIP_memblock_allocHW
                0x0000000002009b32       0x24 C:/msys64/opt/devkitpro/libnds/lib\libdswifi9.a(sgIP_memblock.o)
                0x0000000002009b32                sgIP_memblock_allocHW
 .text.sgIP_memblock_alloc
                0x0000000002009b56        0xc C:/msys64/opt/devkitpro/libnds/lib\libdswifi9.a(sgIP_memblock.o)
                0x0000000002009b56                sgIP_memblock_alloc
 *fill*         0x0000000002009b62        0x2 ff
 .text.sgIP_memblock_free
                0x0000000002009b64       0x28 C:/msys64/opt/devkitpro/libnds/lib\libdswifi9.a(sgIP_memblock.o)
                0x0000000002009b64                sgIP_memblock_free
 .text.sgIP_memblock_exposeheader
                0x0000000002009b8c       0x26 C:/msys64/opt/devkitpro/libnds/lib\libdswifi9.a(sgIP_memblock.o)
                0x0000000002009b8c                sgIP_memblock_exposeheader
 .text.sgIP_memblock_trimsize
                0x0000000002009bb2       0x2e C:/msys64/opt/devkitpro/libnds/lib\libdswifi9.a(sgIP_memblock.o)
                0x0000000002009bb2                sgIP_memblock_trimsize
 .text.sgIP_memblock_IPChecksum
                0x0000000002009be0       0x92 C:/msys64/opt/devkitpro/libnds/lib\libdswifi9.a(sgIP_memblock.o)
                0x0000000002009be0                sgIP_memblock_IPChecksum
 .text.sgIP_memblock_CopyToLinear
                0x0000000002009c72       0x5c C:/msys64/opt/devkitpro/libnds/lib\libdswifi9.a(sgIP_memblock.o)
                0x0000000002009c72                sgIP_memblock_CopyToLinear
 .text.sgIP_memblock_CopyFromLinear
                0x0000000002009cce       0x5c C:/msys64/opt/devkitpro/libnds/lib\libdswifi9.a(sgIP_memblock.o)
                0x0000000002009cce                sgIP_memblock_CopyFromLinear
 *fill*         0x0000000002009d2a        0x2 ff
 .text.sgIP_sockets_Init
                0x0000000002009d2c       0x18 C:/msys64/opt/devkitpro/libnds/lib\libdswifi9.a(sgIP_sockets.o)
                0x0000000002009d2c                sgIP_sockets_Init
 .text.socket   0x0000000002009d44       0x90 C:/msys64/opt/devkitpro/libnds/lib\libdswifi9.a(sgIP_sockets.o)
                0x0000000002009d44                socket
 .text.forceclosesocket
                0x0000000002009dd4       0x5c C:/msys64/opt/devkitpro/libnds/lib\libdswifi9.a(sgIP_sockets.o)
                0x0000000002009dd4                forceclosesocket
 .text.sgIP_sockets_Timer1000ms
                0x0000000002009e30       0x50 C:/msys64/opt/devkitpro/libnds/lib\libdswifi9.a(sgIP_sockets.o)
                0x0000000002009e30                sgIP_sockets_Timer1000ms
 .text.bind     0x0000000002009e80       0x68 C:/msys64/opt/devkitpro/libnds/lib\libdswifi9.a(sgIP_sockets.o)
                0x0000000002009e80                bind
 .text.sendto   0x0000000002009ee8       0x74 C:/msys64/opt/devkitpro/libnds/lib\libdswifi9.a(sgIP_sockets.o)
                0x0000000002009ee8                sendto
 .text.recvfrom
                0x0000000002009f5c       0xac C:/msys64/opt/devkitpro/libnds/lib\libdswifi9.a(sgIP_sockets.o)
                0x0000000002009f5c                recvfrom
 .text.shutdown
                0x000000000200a008       0x5c C:/msys64/opt/devkitpro/libnds/lib\libdswifi9.a(sgIP_sockets.o)
                0x000000000200a008                shutdown
 .text.closesocket
                0x000000000200a064       0x94 C:/msys64/opt/devkitpro/libnds/lib\libdswifi9.a(sgIP_sockets.o)
                0x000000000200a064                closesocket
 .text.ioctl    0x000000000200a0f8       0xac C:/msys64/opt/devkitpro/libnds/lib\libdswifi9.a(sgIP_sockets.o)
                0x000000000200a0f8                ioctl
 .text.select   0x000000000200a1a4      0x220 C:/msys64/opt/devkitpro/libnds/lib\libdswifi9.a(sgIP_sockets.o)
                0x000000000200a1a4                select
 .text.Wifi_Interface_Init
                0x000000000200a3c4       0x4c C:/msys64/opt/devkitpro/libnds/lib\libdswifi9.a(wifi_arm9.o)
                0x000000000200a3c4                Wifi_Interface_Init
 .text.arm9_synctoarm7
                0x000000000200a410        0xc C:/msys64/opt/devkitpro/libnds/lib\libdswifi9.a(wifi_arm9.o)
                0x000000000200a410                arm9_synctoarm7
 .text.sgIP_IntrWaitEvent
                0x000000000200a41c        0x2 C:/msys64/opt/devkitpro/libnds/lib\libdswifi9.a(wifi_arm9.o)
                0x000000000200a41c                sgIP_IntrWaitEvent
 *fill*         0x000000000200a41e        0x2 ff
 .text.wHeapAllocInit
                0x000000000200a420       0x2c C:/msys64/opt/devkitpro/libnds/lib\libdswifi9.a(wifi_arm9.o)
                0x000000000200a420                wHeapAllocInit
 .text.wHeapAlloc
                0x000000000200a44c       0xac C:/msys64/opt/devkitpro/libnds/lib\libdswifi9.a(wifi_arm9.o)
                0x000000000200a44c                wHeapAlloc
 .text.wHeapFree
                0x000000000200a4f8       0x1c C:/msys64/opt/devkitpro/libnds/lib\libdswifi9.a(wifi_arm9.o)
                0x000000000200a4f8                wHeapFree
 .text.sgIP_malloc
                0x000000000200a514        0x8 C:/msys64/opt/devkitpro/libnds/lib\libdswifi9.a(wifi_arm9.o)
                0x000000000200a514                sgIP_malloc
 .text.sgIP_free
                0x000000000200a51c        0x8 C:/msys64/opt/devkitpro/libnds/lib\libdswifi9.a(wifi_arm9.o)
                0x000000000200a51c                sgIP_free
 .text.erasemem
                0x000000000200a524       0x10 C:/msys64/opt/devkitpro/libnds/lib\libdswifi9.a(wifi_arm9.o)
                0x000000000200a524                erasemem
 .text.Wifi_CmpMacAddr
                0x000000000200a534       0x22 C:/msys64/opt/devkitpro/libnds/lib\libdswifi9.a(wifi_arm9.o)
                0x000000000200a534                Wifi_CmpMacAddr
 *fill*         0x000000000200a556        0x2 ff
 .text.Wifi_TxBufferWordsAvailable
                0x000000000200a558       0x28 C:/msys64/opt/devkitpro/libnds/lib\libdswifi9.a(wifi_arm9.o)
                0x000000000200a558                Wifi_TxBufferWordsAvailable
 .text.Wifi_TxBufferWrite
                0x000000000200a580       0x4c C:/msys64/opt/devkitpro/libnds/lib\libdswifi9.a(wifi_arm9.o)
                0x000000000200a580                Wifi_TxBufferWrite
 .text.Wifi_TransmitFunction
                0x000000000200a5cc      0x200 C:/msys64/opt/devkitpro/libnds/lib\libdswifi9.a(wifi_arm9.o)
                0x000000000200a5cc                Wifi_TransmitFunction
 .text.Wifi_RxRawReadPacket
                0x000000000200a7cc       0x68 C:/msys64/opt/devkitpro/libnds/lib\libdswifi9.a(wifi_arm9.o)
                0x000000000200a7cc                Wifi_RxRawReadPacket
 .text.Wifi_RxReadOffset
                0x000000000200a834       0x2c C:/msys64/opt/devkitpro/libnds/lib\libdswifi9.a(wifi_arm9.o)
                0x000000000200a834                Wifi_RxReadOffset
 .text.Wifi_DisableWifi
                0x000000000200a860       0x18 C:/msys64/opt/devkitpro/libnds/lib\libdswifi9.a(wifi_arm9.o)
                0x000000000200a860                Wifi_DisableWifi
 .text.Wifi_ScanMode
                0x000000000200a878       0x18 C:/msys64/opt/devkitpro/libnds/lib\libdswifi9.a(wifi_arm9.o)
                0x000000000200a878                Wifi_ScanMode
 .text.Wifi_GetNumAP
                0x000000000200a890       0x28 C:/msys64/opt/devkitpro/libnds/lib\libdswifi9.a(wifi_arm9.o)
                0x000000000200a890                Wifi_GetNumAP
 .text.Wifi_GetAPData
                0x000000000200a8b8       0x88 C:/msys64/opt/devkitpro/libnds/lib\libdswifi9.a(wifi_arm9.o)
                0x000000000200a8b8                Wifi_GetAPData
 .text.Wifi_FindMatchingAP
                0x000000000200a940       0xc6 C:/msys64/opt/devkitpro/libnds/lib\libdswifi9.a(wifi_arm9.o)
                0x000000000200a940                Wifi_FindMatchingAP
 *fill*         0x000000000200aa06        0x2 ff
 .text.Wifi_AutoConnect
                0x000000000200aa08       0x2c C:/msys64/opt/devkitpro/libnds/lib\libdswifi9.a(wifi_arm9.o)
                0x000000000200aa08                Wifi_AutoConnect
 .text.Wifi_DisconnectAP
                0x000000000200aa34       0x2c C:/msys64/opt/devkitpro/libnds/lib\libdswifi9.a(wifi_arm9.o)
                0x000000000200aa34                Wifi_DisconnectAP
 .text.Wifi_ConnectAP
                0x000000000200aa60      0x108 C:/msys64/opt/devkitpro/libnds/lib\libdswifi9.a(wifi_arm9.o)
                0x000000000200aa60                Wifi_ConnectAP
 .text.Wifi_Init
                0x000000000200ab68       0x7c C:/msys64/opt/devkitpro/libnds/lib\libdswifi9.a(wifi_arm9.o)
                0x000000000200ab68                Wifi_Init
 .text.Wifi_CheckInit
                0x000000000200abe4       0x20 C:/msys64/opt/devkitpro/libnds/lib\libdswifi9.a(wifi_arm9.o)
                0x000000000200abe4                Wifi_CheckInit
 .text.Wifi_Update
                0x000000000200ac04      0x238 C:/msys64/opt/devkitpro/libnds/lib\libdswifi9.a(wifi_arm9.o)
                0x000000000200ac04                Wifi_Update
 .text.Wifi_Timer
                0x000000000200ae3c       0x10 C:/msys64/opt/devkitpro/libnds/lib\libdswifi9.a(wifi_arm9.o)
                0x000000000200ae3c                Wifi_Timer
 .text.Timer_50ms
                0x000000000200ae4c        0xa C:/msys64/opt/devkitpro/libnds/lib\libdswifi9.a(wifi_arm9.o)
                0x000000000200ae4c                Timer_50ms
 *fill*         0x000000000200ae56        0x2 ff
 .text.Wifi_GetIP
                0x000000000200ae58       0x14 C:/msys64/opt/devkitpro/libnds/lib\libdswifi9.a(wifi_arm9.o)
                0x000000000200ae58                Wifi_GetIP
 .text.Wifi_SetIP
                0x000000000200ae6c       0x24 C:/msys64/opt/devkitpro/libnds/lib\libdswifi9.a(wifi_arm9.o)
                0x000000000200ae6c                Wifi_SetIP
 .text.Wifi_AssocStatus
                0x000000000200ae90      0x30c C:/msys64/opt/devkitpro/libnds/lib\libdswifi9.a(wifi_arm9.o)
                0x000000000200ae90                Wifi_AssocStatus
 .text.Wifi_GetData
                0x000000000200b19c       0x60 C:/msys64/opt/devkitpro/libnds/lib\libdswifi9.a(wifi_arm9.o)
                0x000000000200b19c                Wifi_GetData
 .text.Wifi_Sync
                0x000000000200b1fc       0x1c C:/msys64/opt/devkitpro/libnds/lib\libdswifi9.a(wifi_arm9.o)
                0x000000000200b1fc                Wifi_Sync
 .text.wifiValue32Handler
                0x000000000200b218        0xc C:/msys64/opt/devkitpro/libnds/lib\libdswifi9.a(wifi_arm9.o)
                0x000000000200b218                wifiValue32Handler
 .text.Wifi_InitDefault
                0x000000000200b224       0x8c C:/msys64/opt/devkitpro/libnds/lib\libdswifi9.a(wifi_arm9.o)
                0x000000000200b224                Wifi_InitDefault
 .text.sgIP_FindArpSlot
                0x000000000200b2b0       0x2c C:/msys64/opt/devkitpro/libnds/lib\libdswifi9.a(sgIP_ARP.o)
                0x000000000200b2b0                sgIP_FindArpSlot
 .text.sgIP_GetArpSlot
                0x000000000200b2dc       0x48 C:/msys64/opt/devkitpro/libnds/lib\libdswifi9.a(sgIP_ARP.o)
                0x000000000200b2dc                sgIP_GetArpSlot
 .text.sgIP_ARP_Init
                0x000000000200b324       0x1c C:/msys64/opt/devkitpro/libnds/lib\libdswifi9.a(sgIP_ARP.o)
                0x000000000200b324                sgIP_ARP_Init
 .text.sgIP_ARP_FlushInterface
                0x000000000200b340       0x24 C:/msys64/opt/devkitpro/libnds/lib\libdswifi9.a(sgIP_ARP.o)
                0x000000000200b340                sgIP_ARP_FlushInterface
 .text.sgIP_ARP_SendARPResponse
                0x000000000200b364       0xd4 C:/msys64/opt/devkitpro/libnds/lib\libdswifi9.a(sgIP_ARP.o)
                0x000000000200b364                sgIP_ARP_SendARPResponse
 .text.sgIP_ARP_SendGratARP
                0x000000000200b438       0xd4 C:/msys64/opt/devkitpro/libnds/lib\libdswifi9.a(sgIP_ARP.o)
                0x000000000200b438                sgIP_ARP_SendGratARP
 .text.sgIP_ARP_SendARPRequest
                0x000000000200b50c       0xc0 C:/msys64/opt/devkitpro/libnds/lib\libdswifi9.a(sgIP_ARP.o)
                0x000000000200b50c                sgIP_ARP_SendARPRequest
 .text.sgIP_ARP_Timer100ms
                0x000000000200b5cc       0x58 C:/msys64/opt/devkitpro/libnds/lib\libdswifi9.a(sgIP_ARP.o)
                0x000000000200b5cc                sgIP_ARP_Timer100ms
 .text.sgIP_ARP_SendProtocolFrame
                0x000000000200b624       0xe8 C:/msys64/opt/devkitpro/libnds/lib\libdswifi9.a(sgIP_ARP.o)
                0x000000000200b624                sgIP_ARP_SendProtocolFrame
 .text.sgIP_ARP_ProcessARPFrame
                0x000000000200b70c       0xdc C:/msys64/opt/devkitpro/libnds/lib\libdswifi9.a(sgIP_ARP.o)
                0x000000000200b70c                sgIP_ARP_ProcessARPFrame
 .text.sgIP_Init
                0x000000000200b7e8       0x3c C:/msys64/opt/devkitpro/libnds/lib\libdswifi9.a(sgIP.o)
                0x000000000200b7e8                sgIP_Init
 .text.sgIP_Timer
                0x000000000200b824       0x6c C:/msys64/opt/devkitpro/libnds/lib\libdswifi9.a(sgIP.o)
                0x000000000200b824                sgIP_Timer
 .text.sgIP_UDP_Init
                0x000000000200b890       0x1c C:/msys64/opt/devkitpro/libnds/lib\libdswifi9.a(sgIP_UDP.o)
                0x000000000200b890                sgIP_UDP_Init
 .text.sgIP_UDP_GetUnusedOutgoingPort
                0x000000000200b8ac       0x58 C:/msys64/opt/devkitpro/libnds/lib\libdswifi9.a(sgIP_UDP.o)
                0x000000000200b8ac                sgIP_UDP_GetUnusedOutgoingPort
 .text.sgIP_UDP_CalcChecksum
                0x000000000200b904       0x68 C:/msys64/opt/devkitpro/libnds/lib\libdswifi9.a(sgIP_UDP.o)
                0x000000000200b904                sgIP_UDP_CalcChecksum
 .text.sgIP_UDP_ReceivePacket
                0x000000000200b96c       0x9c C:/msys64/opt/devkitpro/libnds/lib\libdswifi9.a(sgIP_UDP.o)
                0x000000000200b96c                sgIP_UDP_ReceivePacket
 .text.sgIP_UDP_SendPacket
                0x000000000200ba08       0xd0 C:/msys64/opt/devkitpro/libnds/lib\libdswifi9.a(sgIP_UDP.o)
                0x000000000200ba08                sgIP_UDP_SendPacket
 .text.sgIP_UDP_AllocRecord
                0x000000000200bad8       0x34 C:/msys64/opt/devkitpro/libnds/lib\libdswifi9.a(sgIP_UDP.o)
                0x000000000200bad8                sgIP_UDP_AllocRecord
 .text.sgIP_UDP_FreeRecord
                0x000000000200bb0c       0x4c C:/msys64/opt/devkitpro/libnds/lib\libdswifi9.a(sgIP_UDP.o)
                0x000000000200bb0c                sgIP_UDP_FreeRecord
 .text.sgIP_UDP_Bind
                0x000000000200bb58       0x38 C:/msys64/opt/devkitpro/libnds/lib\libdswifi9.a(sgIP_UDP.o)
                0x000000000200bb58                sgIP_UDP_Bind
 .text.sgIP_UDP_RecvFrom
                0x000000000200bb90       0xc0 C:/msys64/opt/devkitpro/libnds/lib\libdswifi9.a(sgIP_UDP.o)
                0x000000000200bb90                sgIP_UDP_RecvFrom
 .text.sgIP_UDP_SendTo
                0x000000000200bc50        0xe C:/msys64/opt/devkitpro/libnds/lib\libdswifi9.a(sgIP_UDP.o)
                0x000000000200bc50                sgIP_UDP_SendTo
 *fill*         0x000000000200bc5e        0x2 ff
 .text.sgIP_DHCP_Init
                0x000000000200bc60       0x40 C:/msys64/opt/devkitpro/libnds/lib\libdswifi9.a(sgIP_DHCP.o)
                0x000000000200bc60                sgIP_DHCP_Init
 .text.sgIP_DHCP_SendDgram
                0x000000000200bca0       0x6c C:/msys64/opt/devkitpro/libnds/lib\libdswifi9.a(sgIP_DHCP.o)
                0x000000000200bca0                sgIP_DHCP_SendDgram
 .text.sgIP_DHCP_BeginDgram
                0x000000000200bd0c      0x1cc C:/msys64/opt/devkitpro/libnds/lib\libdswifi9.a(sgIP_DHCP.o)
                0x000000000200bd0c                sgIP_DHCP_BeginDgram
 .text.sgIP_DHCP_Terminate
                0x000000000200bed8       0x34 C:/msys64/opt/devkitpro/libnds/lib\libdswifi9.a(sgIP_DHCP.o)
                0x000000000200bed8                sgIP_DHCP_Terminate
 .text.sgIP_DHCP_Start
                0x000000000200bf0c       0xc0 C:/msys64/opt/devkitpro/libnds/lib\libdswifi9.a(sgIP_DHCP.o)
                0x000000000200bf0c                sgIP_DHCP_Start
 .text.sgIP_DHCP_Update
                0x000000000200bfcc      0x3d8 C:/msys64/opt/devkitpro/libnds/lib\libdswifi9.a(sgIP_DHCP.o)
                0x000000000200bfcc                sgIP_DHCP_Update
 .text.gethostname
                0x000000000200c3a4       0x34 C:/msys64/opt/devkitpro/libnds/lib\libdswifi9.a(sgIP_DHCP.o)
                0x000000000200c3a4                gethostname
 .text.sgIP_TCP_Init
                0x000000000200c3d8       0x34 C:/msys64/opt/devkitpro/libnds/lib\libdswifi9.a(sgIP_TCP.o)
                0x000000000200c3d8                sgIP_TCP_Init
 .text.sgIP_TCP_support_seqhash
                0x000000000200c40c       0x58 C:/msys64/opt/devkitpro/libnds/lib\libdswifi9.a(sgIP_TCP.o)
                0x000000000200c40c                sgIP_TCP_support_seqhash
 .text.sgIP_TCP_CalcChecksum
                0x000000000200c464       0x58 C:/msys64/opt/devkitpro/libnds/lib\libdswifi9.a(sgIP_TCP.o)
                0x000000000200c464                sgIP_TCP_CalcChecksum
 .text.sgIP_TCP_GenHeader
                0x000000000200c4bc       0x98 C:/msys64/opt/devkitpro/libnds/lib\libdswifi9.a(sgIP_TCP.o)
                0x000000000200c4bc                sgIP_TCP_GenHeader
 .text.sgIP_TCP_FixChecksum
                0x000000000200c554       0x60 C:/msys64/opt/devkitpro/libnds/lib\libdswifi9.a(sgIP_TCP.o)
                0x000000000200c554                sgIP_TCP_FixChecksum
 .text.sgIP_TCP_SendPacket
                0x000000000200c5b4       0xc0 C:/msys64/opt/devkitpro/libnds/lib\libdswifi9.a(sgIP_TCP.o)
                0x000000000200c5b4                sgIP_TCP_SendPacket
 .text.sgIP_TCP_SendSynReply
                0x000000000200c674       0x9c C:/msys64/opt/devkitpro/libnds/lib\libdswifi9.a(sgIP_TCP.o)
                0x000000000200c674                sgIP_TCP_SendSynReply
 .text.sgIP_TCP_Timer
                0x000000000200c710      0x1d0 C:/msys64/opt/devkitpro/libnds/lib\libdswifi9.a(sgIP_TCP.o)
                0x000000000200c710                sgIP_TCP_Timer
 .text.sgIP_TCP_AllocRecord
                0x000000000200c8e0       0x48 C:/msys64/opt/devkitpro/libnds/lib\libdswifi9.a(sgIP_TCP.o)
                0x000000000200c8e0                sgIP_TCP_AllocRecord
 .text.sgIP_TCP_ReceivePacket
                0x000000000200c928      0x4e8 C:/msys64/opt/devkitpro/libnds/lib\libdswifi9.a(sgIP_TCP.o)
                0x000000000200c928                sgIP_TCP_ReceivePacket
 .text.sgIP_TCP_FreeRecord
                0x000000000200ce10       0xcc C:/msys64/opt/devkitpro/libnds/lib\libdswifi9.a(sgIP_TCP.o)
                0x000000000200ce10                sgIP_TCP_FreeRecord
 .text.sgIP_TCP_Bind
                0x000000000200cedc       0x28 C:/msys64/opt/devkitpro/libnds/lib\libdswifi9.a(sgIP_TCP.o)
                0x000000000200cedc                sgIP_TCP_Bind
 .text.sgIP_TCP_Close
                0x000000000200cf04       0x30 C:/msys64/opt/devkitpro/libnds/lib\libdswifi9.a(sgIP_TCP.o)
                0x000000000200cf04                sgIP_TCP_Close
 .text.sgIP_IP_ReceivePacket
                0x000000000200cf34       0x94 C:/msys64/opt/devkitpro/libnds/lib\libdswifi9.a(sgIP_IP.o)
                0x000000000200cf34                sgIP_IP_ReceivePacket
 .text.sgIP_IP_MaxContentsSize
                0x000000000200cfc8        0xa C:/msys64/opt/devkitpro/libnds/lib\libdswifi9.a(sgIP_IP.o)
                0x000000000200cfc8                sgIP_IP_MaxContentsSize
 .text.sgIP_IP_RequiredHeaderSize
                0x000000000200cfd2        0x4 C:/msys64/opt/devkitpro/libnds/lib\libdswifi9.a(sgIP_IP.o)
                0x000000000200cfd2                sgIP_IP_RequiredHeaderSize
 *fill*         0x000000000200cfd6        0x2 ff
 .text.sgIP_IP_SendViaIP
                0x000000000200cfd8       0x88 C:/msys64/opt/devkitpro/libnds/lib\libdswifi9.a(sgIP_IP.o)
                0x000000000200cfd8                sgIP_IP_SendViaIP
 .text.sgIP_IP_GetLocalBindAddr
                0x000000000200d060        0xe C:/msys64/opt/devkitpro/libnds/lib\libdswifi9.a(sgIP_IP.o)
                0x000000000200d060                sgIP_IP_GetLocalBindAddr
 *fill*         0x000000000200d06e        0x2 ff
 .text.sgIP_ICMP_ReceivePacket
                0x000000000200d070       0x58 C:/msys64/opt/devkitpro/libnds/lib\libdswifi9.a(sgIP_ICMP.o)
                0x000000000200d070                sgIP_ICMP_ReceivePacket
 .text.fatMount
                0x000000000200d0c8       0xc4 C:/msys64/opt/devkitpro/libnds/lib\libfat.a(libfat.o)
                0x000000000200d0c8                fatMount
 .text.fatInit  0x000000000200d18c      0x140 C:/msys64/opt/devkitpro/libnds/lib\libfat.a(libfat.o)
                0x000000000200d18c                fatInit
 .text.fatInitDefault
                0x000000000200d2cc        0xc C:/msys64/opt/devkitpro/libnds/lib\libfat.a(libfat.o)
                0x000000000200d2cc                fatInitDefault
 .text._FAT_check_position_for_next_cluster.isra.4.part.5
                0x000000000200d2d8       0x70 C:/msys64/opt/devkitpro/libnds/lib\libfat.a(fatfile.o)
 .text._FAT_syncToDisc.part.6
                0x000000000200d348       0xb8 C:/msys64/opt/devkitpro/libnds/lib\libfat.a(fatfile.o)
 .text._FAT_file_extend_r
                0x000000000200d400      0x20c C:/msys64/opt/devkitpro/libnds/lib\libfat.a(fatfile.o)
 .text._FAT_open_r
                0x000000000200d60c      0x2d8 C:/msys64/opt/devkitpro/libnds/lib\libfat.a(fatfile.o)
                0x000000000200d60c                _FAT_open_r
 .text._FAT_close_r
                0x000000000200d8e4       0x78 C:/msys64/opt/devkitpro/libnds/lib\libfat.a(fatfile.o)
                0x000000000200d8e4                _FAT_close_r
 .text._FAT_read_r
                0x000000000200d95c      0x388 C:/msys64/opt/devkitpro/libnds/lib\libfat.a(fatfile.o)
                0x000000000200d95c                _FAT_read_r
 .text._FAT_write_r
                0x000000000200dce4      0x524 C:/msys64/opt/devkitpro/libnds/lib\libfat.a(fatfile.o)
                0x000000000200dce4                _FAT_write_r
 .text._FAT_seek_r
                0x000000000200e208      0x1a0 C:/msys64/opt/devkitpro/libnds/lib\libfat.a(fatfile.o)
                0x000000000200e208                _FAT_seek_r
 .text._FAT_fstat_r
                0x000000000200e3a8       0x8c C:/msys64/opt/devkitpro/libnds/lib\libfat.a(fatfile.o)
                0x000000000200e3a8                _FAT_fstat_r
 .text._FAT_ftruncate_r
                0x000000000200e434      0x16c C:/msys64/opt/devkitpro/libnds/lib\libfat.a(fatfile.o)
                0x000000000200e434                _FAT_ftruncate_r
 .text._FAT_fsync_r
                0x000000000200e5a0       0x44 C:/msys64/opt/devkitpro/libnds/lib\libfat.a(fatfile.o)
                0x000000000200e5a0                _FAT_fsync_r
 .text._FAT_cache_getPage
                0x000000000200e5e4       0xfc C:/msys64/opt/devkitpro/libnds/lib\libfat.a(cache.o)
 .text._FAT_cache_writePartialSector.part.3
                0x000000000200e6e0       0x44 C:/msys64/opt/devkitpro/libnds/lib\libfat.a(cache.o)
 .text._FAT_cache_constructor
                0x000000000200e724       0x90 C:/msys64/opt/devkitpro/libnds/lib\libfat.a(cache.o)
                0x000000000200e724                _FAT_cache_constructor
 .text._FAT_cache_readSectors
                0x000000000200e7b4       0x64 C:/msys64/opt/devkitpro/libnds/lib\libfat.a(cache.o)
                0x000000000200e7b4                _FAT_cache_readSectors
 .text._FAT_cache_readPartialSector
                0x000000000200e818       0x40 C:/msys64/opt/devkitpro/libnds/lib\libfat.a(cache.o)
                0x000000000200e818                _FAT_cache_readPartialSector
 .text._FAT_cache_readLittleEndianValue
                0x000000000200e858       0x70 C:/msys64/opt/devkitpro/libnds/lib\libfat.a(cache.o)
                0x000000000200e858                _FAT_cache_readLittleEndianValue
 .text._FAT_cache_writePartialSector
                0x000000000200e8c8       0x20 C:/msys64/opt/devkitpro/libnds/lib\libfat.a(cache.o)
                0x000000000200e8c8                _FAT_cache_writePartialSector
 .text._FAT_cache_writeLittleEndianValue
                0x000000000200e8e8       0x40 C:/msys64/opt/devkitpro/libnds/lib\libfat.a(cache.o)
                0x000000000200e8e8                _FAT_cache_writeLittleEndianValue
 .text._FAT_cache_eraseWritePartialSector
                0x000000000200e928       0x68 C:/msys64/opt/devkitpro/libnds/lib\libfat.a(cache.o)
                0x000000000200e928                _FAT_cache_eraseWritePartialSector
 .text._FAT_cache_writeSectors
                0x000000000200e990       0x74 C:/msys64/opt/devkitpro/libnds/lib\libfat.a(cache.o)
                0x000000000200e990                _FAT_cache_writeSectors
 .text._FAT_cache_flush
                0x000000000200ea04       0x40 C:/msys64/opt/devkitpro/libnds/lib\libfat.a(cache.o)
                0x000000000200ea04                _FAT_cache_flush
 .text._FAT_stat_r
                0x000000000200ea44       0x90 C:/msys64/opt/devkitpro/libnds/lib\libfat.a(fatdir.o)
                0x000000000200ea44                _FAT_stat_r
 .text._FAT_link_r
                0x000000000200ead4        0xc C:/msys64/opt/devkitpro/libnds/lib\libfat.a(fatdir.o)
                0x000000000200ead4                _FAT_link_r
 .text._FAT_unlink_r
                0x000000000200eae0      0x19c C:/msys64/opt/devkitpro/libnds/lib\libfat.a(fatdir.o)
                0x000000000200eae0                _FAT_unlink_r
 .text._FAT_chdir_r
                0x000000000200ec7c       0x70 C:/msys64/opt/devkitpro/libnds/lib\libfat.a(fatdir.o)
                0x000000000200ec7c                _FAT_chdir_r
 .text._FAT_rename_r
                0x000000000200ecec      0x1c4 C:/msys64/opt/devkitpro/libnds/lib\libfat.a(fatdir.o)
                0x000000000200ecec                _FAT_rename_r
 .text._FAT_mkdir_r
                0x000000000200eeb0      0x22c C:/msys64/opt/devkitpro/libnds/lib\libfat.a(fatdir.o)
                0x000000000200eeb0                _FAT_mkdir_r
 .text._FAT_statvfs_r
                0x000000000200f0dc       0x78 C:/msys64/opt/devkitpro/libnds/lib\libfat.a(fatdir.o)
                0x000000000200f0dc                _FAT_statvfs_r
 .text._FAT_diropen_r
                0x000000000200f154       0xb0 C:/msys64/opt/devkitpro/libnds/lib\libfat.a(fatdir.o)
                0x000000000200f154                _FAT_diropen_r
 .text._FAT_dirreset_r
                0x000000000200f204       0x4c C:/msys64/opt/devkitpro/libnds/lib\libfat.a(fatdir.o)
                0x000000000200f204                _FAT_dirreset_r
 .text._FAT_dirnext_r
                0x000000000200f250       0x7c C:/msys64/opt/devkitpro/libnds/lib\libfat.a(fatdir.o)
                0x000000000200f250                _FAT_dirnext_r
 .text._FAT_dirclose_r
                0x000000000200f2cc       0x20 C:/msys64/opt/devkitpro/libnds/lib\libfat.a(fatdir.o)
                0x000000000200f2cc                _FAT_dirclose_r
 .text._FAT_directory_entryGetAlias
                0x000000000200f2ec       0xc8 C:/msys64/opt/devkitpro/libnds/lib\libfat.a(directory.o)
 .text._FAT_directory_incrementDirEntryPosition
                0x000000000200f3b4       0x80 C:/msys64/opt/devkitpro/libnds/lib\libfat.a(directory.o)
 .text._FAT_directory_mbsncasecmp
                0x000000000200f434       0xa8 C:/msys64/opt/devkitpro/libnds/lib\libfat.a(directory.o)
 .text._FAT_directory_entryGetCluster.part.5
                0x000000000200f4dc       0x18 C:/msys64/opt/devkitpro/libnds/lib\libfat.a(directory.o)
 .text._FAT_directory_ucs2tombs.constprop.6
                0x000000000200f4f4       0x98 C:/msys64/opt/devkitpro/libnds/lib\libfat.a(directory.o)
 .text._FAT_directory_entryGetCluster
                0x000000000200f58c       0x1c C:/msys64/opt/devkitpro/libnds/lib\libfat.a(directory.o)
                0x000000000200f58c                _FAT_directory_entryGetCluster
 .text._FAT_directory_getNextEntry
                0x000000000200f5a8      0x1fc C:/msys64/opt/devkitpro/libnds/lib\libfat.a(directory.o)
                0x000000000200f5a8                _FAT_directory_getNextEntry
 .text._FAT_directory_entryExists
                0x000000000200f7a4       0x80 C:/msys64/opt/devkitpro/libnds/lib\libfat.a(directory.o)
 .text._FAT_directory_getFirstEntry
                0x000000000200f824       0x20 C:/msys64/opt/devkitpro/libnds/lib\libfat.a(directory.o)
                0x000000000200f824                _FAT_directory_getFirstEntry
 .text._FAT_directory_getRootEntry
                0x000000000200f844       0x60 C:/msys64/opt/devkitpro/libnds/lib\libfat.a(directory.o)
                0x000000000200f844                _FAT_directory_getRootEntry
 .text._FAT_directory_entryFromPosition
                0x000000000200f8a4      0x168 C:/msys64/opt/devkitpro/libnds/lib\libfat.a(directory.o)
                0x000000000200f8a4                _FAT_directory_entryFromPosition
 .text._FAT_directory_entryFromPath
                0x000000000200fa0c      0x214 C:/msys64/opt/devkitpro/libnds/lib\libfat.a(directory.o)
                0x000000000200fa0c                _FAT_directory_entryFromPath
 .text._FAT_directory_removeEntry
                0x000000000200fc20       0xe0 C:/msys64/opt/devkitpro/libnds/lib\libfat.a(directory.o)
                0x000000000200fc20                _FAT_directory_removeEntry
 .text._FAT_directory_addEntry
                0x000000000200fd00      0x7e0 C:/msys64/opt/devkitpro/libnds/lib\libfat.a(directory.o)
                0x000000000200fd00                _FAT_directory_addEntry
 .text._FAT_directory_chdir
                0x00000000020104e0       0x44 C:/msys64/opt/devkitpro/libnds/lib\libfat.a(directory.o)
                0x00000000020104e0                _FAT_directory_chdir
 .text._FAT_directory_entryStat
                0x0000000002010524       0xdc C:/msys64/opt/devkitpro/libnds/lib\libfat.a(directory.o)
                0x0000000002010524                _FAT_directory_entryStat
 .text.isValidMBR
                0x0000000002010600       0x5c C:/msys64/opt/devkitpro/libnds/lib\libfat.a(partition.o)
 .text._FAT_updateFS_INFO
                0x000000000201065c       0x54 C:/msys64/opt/devkitpro/libnds/lib\libfat.a(partition.o)
 .text._FAT_partition_createFSinfo.part.4
                0x00000000020106b0       0x40 C:/msys64/opt/devkitpro/libnds/lib\libfat.a(partition.o)
 .text._FAT_partition_readFSinfo.part.5
                0x00000000020106f0       0x94 C:/msys64/opt/devkitpro/libnds/lib\libfat.a(partition.o)
 .text.FindFirstValidPartition_buf
                0x0000000002010784      0x11c C:/msys64/opt/devkitpro/libnds/lib\libfat.a(partition.o)
                0x0000000002010784                FindFirstValidPartition_buf
 .text._FAT_partition_constructor_buf
                0x00000000020108a0      0x2d4 C:/msys64/opt/devkitpro/libnds/lib\libfat.a(partition.o)
                0x00000000020108a0                _FAT_partition_constructor_buf
 .text._FAT_partition_constructor
                0x0000000002010b74       0x40 C:/msys64/opt/devkitpro/libnds/lib\libfat.a(partition.o)
                0x0000000002010b74                _FAT_partition_constructor
 .text._FAT_partition_getPartitionFromPath
                0x0000000002010bb4       0x14 C:/msys64/opt/devkitpro/libnds/lib\libfat.a(partition.o)
                0x0000000002010bb4                _FAT_partition_getPartitionFromPath
 .text._FAT_partition_readFSinfo
                0x0000000002010bc8       0x10 C:/msys64/opt/devkitpro/libnds/lib\libfat.a(partition.o)
                0x0000000002010bc8                _FAT_partition_readFSinfo
 .text._FAT_lock_init
                0x0000000002010bd8        0x4 C:/msys64/opt/devkitpro/libnds/lib\libfat.a(lock.o)
                0x0000000002010bd8                _FAT_lock_init
 .text._FAT_lock
                0x0000000002010bdc        0x4 C:/msys64/opt/devkitpro/libnds/lib\libfat.a(lock.o)
                0x0000000002010bdc                _FAT_lock
 .text._FAT_unlock
                0x0000000002010be0        0x4 C:/msys64/opt/devkitpro/libnds/lib\libfat.a(lock.o)
                0x0000000002010be0                _FAT_unlock
 .text._FAT_filetime_getTimeFromRTC
                0x0000000002010be4       0x44 C:/msys64/opt/devkitpro/libnds/lib\libfat.a(filetime.o)
                0x0000000002010be4                _FAT_filetime_getTimeFromRTC
 .text._FAT_filetime_getDateFromRTC
                0x0000000002010c28       0x44 C:/msys64/opt/devkitpro/libnds/lib\libfat.a(filetime.o)
                0x0000000002010c28                _FAT_filetime_getDateFromRTC
 .text._FAT_filetime_to_time_t
                0x0000000002010c6c       0x38 C:/msys64/opt/devkitpro/libnds/lib\libfat.a(filetime.o)
                0x0000000002010c6c                _FAT_filetime_to_time_t
 .text._FAT_fat_writeFatEntry.part.0
                0x0000000002010ca4      0x134 C:/msys64/opt/devkitpro/libnds/lib\libfat.a(file_allocation_table.o)
 .text._FAT_fat_nextCluster
                0x0000000002010dd8      0x104 C:/msys64/opt/devkitpro/libnds/lib\libfat.a(file_allocation_table.o)
                0x0000000002010dd8                _FAT_fat_nextCluster
 .text._FAT_fat_clearLinks.part.1
                0x0000000002010edc       0x60 C:/msys64/opt/devkitpro/libnds/lib\libfat.a(file_allocation_table.o)
 .text._FAT_fat_linkFreeCluster
                0x0000000002010f3c       0xa8 C:/msys64/opt/devkitpro/libnds/lib\libfat.a(file_allocation_table.o)
                0x0000000002010f3c                _FAT_fat_linkFreeCluster
 .text._FAT_fat_linkFreeClusterCleared
                0x0000000002010fe4       0x68 C:/msys64/opt/devkitpro/libnds/lib\libfat.a(file_allocation_table.o)
                0x0000000002010fe4                _FAT_fat_linkFreeClusterCleared
 .text._FAT_fat_clearLinks
                0x000000000201104c       0x18 C:/msys64/opt/devkitpro/libnds/lib\libfat.a(file_allocation_table.o)
                0x000000000201104c                _FAT_fat_clearLinks
 .text._FAT_fat_trimChain
                0x0000000002011064       0xac C:/msys64/opt/devkitpro/libnds/lib\libfat.a(file_allocation_table.o)
                0x0000000002011064                _FAT_fat_trimChain
 .text._FAT_fat_lastCluster
                0x0000000002011110       0x34 C:/msys64/opt/devkitpro/libnds/lib\libfat.a(file_allocation_table.o)
                0x0000000002011110                _FAT_fat_lastCluster
 .text._FAT_fat_freeClusterCount
                0x0000000002011144       0x2c C:/msys64/opt/devkitpro/libnds/lib\libfat.a(file_allocation_table.o)
                0x0000000002011144                _FAT_fat_freeClusterCount
 .text.checkIfText.part.0
                0x0000000002011170       0x40 C:/msys64/opt/devkitpro/libnds/lib\libnds9.a(background.o)
 .text.bgUpdate
                0x00000000020111b0      0x104 C:/msys64/opt/devkitpro/libnds/lib\libnds9.a(background.o)
                0x00000000020111b0                bgUpdate
 .text.bgInit_call
                0x00000000020112b4      0x110 C:/msys64/opt/devkitpro/libnds/lib\libnds9.a(background.o)
                0x00000000020112b4                bgInit_call
 .text.bgInitSub_call
                0x00000000020113c4       0xf4 C:/msys64/opt/devkitpro/libnds/lib\libnds9.a(background.o)
                0x00000000020113c4                bgInitSub_call
 .text.setBrightness
                0x00000000020114b8       0x40 C:/msys64/opt/devkitpro/libnds/lib\libnds9.a(video.o)
                0x00000000020114b8                setBrightness
 .text.vramDefault
                0x00000000020114f8       0xd0 C:/msys64/opt/devkitpro/libnds/lib\libnds9.a(video.o)
                0x00000000020114f8                vramDefault
 .text.touchRead
                0x00000000020115c8       0x24 C:/msys64/opt/devkitpro/libnds/lib\libnds9.a(touch.o)
                0x00000000020115c8                touchRead
 .text.__sassert
                0x00000000020115ec       0x34 C:/msys64/opt/devkitpro/libnds/lib\libnds9.a(sassert.o)
                0x00000000020115ec                __sassert
 .text.getAllocHeader
                0x0000000002011620       0x28 C:/msys64/opt/devkitpro/libnds/lib\libnds9.a(sprite_alloc.o)
 .text.oamAllocReset
                0x0000000002011648       0x1c C:/msys64/opt/devkitpro/libnds/lib\libnds9.a(sprite_alloc.o)
                0x0000000002011648                oamAllocReset
 .text.oamAllocateGfx
                0x0000000002011664      0x224 C:/msys64/opt/devkitpro/libnds/lib\libnds9.a(sprite_alloc.o)
                0x0000000002011664                oamAllocateGfx
 .text.oamFreeGfx
                0x0000000002011888      0x180 C:/msys64/opt/devkitpro/libnds/lib\libnds9.a(sprite_alloc.o)
                0x0000000002011888                oamFreeGfx
 .text.newRow   0x0000000002011a08       0xb4 C:/msys64/opt/devkitpro/libnds/lib\libnds9.a(console.o)
 .text.consoleSelect
                0x0000000002011abc       0x10 C:/msys64/opt/devkitpro/libnds/lib\libnds9.a(console.o)
                0x0000000002011abc                consoleSelect
 .text.consolePrintChar
                0x0000000002011acc       0xec C:/msys64/opt/devkitpro/libnds/lib\libnds9.a(console.o)
                0x0000000002011acc                consolePrintChar
 .text.consoleCls
                0x0000000002011bb8       0xe0 C:/msys64/opt/devkitpro/libnds/lib\libnds9.a(console.o)
 .text.consoleLoadFont
                0x0000000002011c98      0x280 C:/msys64/opt/devkitpro/libnds/lib\libnds9.a(console.o)
                0x0000000002011c98                consoleLoadFont
 .text.consoleSetFont
                0x0000000002011f18       0x20 C:/msys64/opt/devkitpro/libnds/lib\libnds9.a(console.o)
                0x0000000002011f18                consoleSetFont
 .text.consoleInit
                0x0000000002011f38      0x15c C:/msys64/opt/devkitpro/libnds/lib\libnds9.a(console.o)
                0x0000000002011f38                consoleInit
 .text.consoleDemoInit
                0x0000000002012094       0x40 C:/msys64/opt/devkitpro/libnds/lib\libnds9.a(console.o)
                0x0000000002012094                consoleDemoInit
 .text.con_write
                0x00000000020120d4      0x27c C:/msys64/opt/devkitpro/libnds/lib\libnds9.a(console.o)
                0x00000000020120d4                con_write
 .text.consoleClear
                0x0000000002012350       0x10 C:/msys64/opt/devkitpro/libnds/lib\libnds9.a(console.o)
                0x0000000002012350                consoleClear
 .text.sinLutLookup
                0x0000000002012360       0x3c C:/msys64/opt/devkitpro/libnds/lib\libnds9.a(trig.o)
                0x0000000002012360                sinLutLookup
 .text.sinLerp  0x000000000201239c       0x44 C:/msys64/opt/devkitpro/libnds/lib\libnds9.a(trig.o)
                0x000000000201239c                sinLerp
 .text.cosLerp  0x00000000020123e0       0x14 C:/msys64/opt/devkitpro/libnds/lib\libnds9.a(trig.o)
                0x00000000020123e0                cosLerp
 .text.swapKeyGfx.part.2
                0x00000000020123f4      0x13c C:/msys64/opt/devkitpro/libnds/lib\libnds9.a(keyboard.o)
 .text.keyboardGetKey
                0x0000000002012530       0x4c C:/msys64/opt/devkitpro/libnds/lib\libnds9.a(keyboard.o)
                0x0000000002012530                keyboardGetKey
 .text.keyboardShiftState
                0x000000000201257c       0x94 C:/msys64/opt/devkitpro/libnds/lib\libnds9.a(keyboard.o)
                0x000000000201257c                keyboardShiftState
 .text.keyboardUpdate
                0x0000000002012610      0x134 C:/msys64/opt/devkitpro/libnds/lib\libnds9.a(keyboard.o)
                0x0000000002012610                keyboardUpdate
 .text.keyboardInit
                0x0000000002012744      0x20c C:/msys64/opt/devkitpro/libnds/lib\libnds9.a(keyboard.o)
                0x0000000002012744                keyboardInit
 .text.keyboardShow
                0x0000000002012950       0xdc C:/msys64/opt/devkitpro/libnds/lib\libnds9.a(keyboard.o)
                0x0000000002012950                keyboardShow
 .text.keyboardHide
                0x0000000002012a2c       0x90 C:/msys64/opt/devkitpro/libnds/lib\libnds9.a(keyboard.o)
                0x0000000002012a2c                keyboardHide
 .text.keyboardRead
                0x0000000002012abc       0xc4 C:/msys64/opt/devkitpro/libnds/lib\libnds9.a(keyboard.o)
                0x0000000002012abc                keyboardRead
 .text.oamInit  0x0000000002012b80      0x11c C:/msys64/opt/devkitpro/libnds/lib\libnds9.a(sprite.o)
                0x0000000002012b80                oamInit
 .text.oamGetGfxPtr
                0x0000000002012c9c       0x38 C:/msys64/opt/devkitpro/libnds/lib\libnds9.a(sprite.o)
                0x0000000002012c9c                oamGetGfxPtr
 .text.oamGfxPtrToOffset
                0x0000000002012cd4       0x34 C:/msys64/opt/devkitpro/libnds/lib\libnds9.a(sprite.o)
                0x0000000002012cd4                oamGfxPtrToOffset
 .text.oamSet   0x0000000002012d08      0x148 C:/msys64/opt/devkitpro/libnds/lib\libnds9.a(sprite.o)
                0x0000000002012d08                oamSet
 .text.oamUpdate
                0x0000000002012e50       0x60 C:/msys64/opt/devkitpro/libnds/lib\libnds9.a(sprite.o)
                0x0000000002012e50                oamUpdate
 .text.micBufferHandler
                0x0000000002012eb0       0x34 C:/msys64/opt/devkitpro/libnds/lib\libnds9.a(sound.o)
                0x0000000002012eb0                micBufferHandler
 .text.soundEnable
                0x0000000002012ee4       0x10 C:/msys64/opt/devkitpro/libnds/lib\libnds9.a(sound.o)
                0x0000000002012ee4                soundEnable
 .text.soundPlaySample
                0x0000000002012ef4       0x68 C:/msys64/opt/devkitpro/libnds/lib\libnds9.a(sound.o)
                0x0000000002012ef4                soundPlaySample
 .text.soundKill
                0x0000000002012f5c       0x14 C:/msys64/opt/devkitpro/libnds/lib\libnds9.a(sound.o)
                0x0000000002012f5c                soundKill
 .text.soundMicRecord
                0x0000000002012f70       0x4c C:/msys64/opt/devkitpro/libnds/lib\libnds9.a(sound.o)
                0x0000000002012f70                soundMicRecord
 .text.soundMicOff
                0x0000000002012fbc       0x10 C:/msys64/opt/devkitpro/libnds/lib\libnds9.a(sound.o)
                0x0000000002012fbc                soundMicOff
 .text.scanKeys
                0x0000000002012fcc       0x8c C:/msys64/opt/devkitpro/libnds/lib\libnds9.a(keys.o)
                0x0000000002012fcc                scanKeys
 .text.keysHeld
                0x0000000002013058        0xc C:/msys64/opt/devkitpro/libnds/lib\libnds9.a(keys.o)
                0x0000000002013058                keysHeld
 .text.keysDown
                0x0000000002013064       0x14 C:/msys64/opt/devkitpro/libnds/lib\libnds9.a(keys.o)
                0x0000000002013064                keysDown
 .text.keysUp   0x0000000002013078       0x18 C:/msys64/opt/devkitpro/libnds/lib\libnds9.a(keys.o)
                0x0000000002013078                keysUp
 .text.keysCurrent
                0x0000000002013090       0x38 C:/msys64/opt/devkitpro/libnds/lib\libnds9.a(keys.o)
                0x0000000002013090                keysCurrent
 .text.dldiGetInternal
                0x00000000020130c8       0x34 C:/msys64/opt/devkitpro/libnds/lib\libnds9.a(dldi.o)
                0x00000000020130c8                dldiGetInternal
 .text.get_io_dsisd
                0x00000000020130fc       0x24 C:/msys64/opt/devkitpro/libnds/lib\libnds9.a(dldi.o)
                0x00000000020130fc                get_io_dsisd
 .text.initSystem
                0x0000000002013120      0x198 C:/msys64/opt/devkitpro/libnds/lib\libnds9.a(initSystem.o)
                0x0000000002013120                initSystem
 .text.__libnds_gtod
                0x00000000020132b8       0x28 C:/msys64/opt/devkitpro/libnds/lib\libnds9.a(timeSupport.o)
                0x00000000020132b8                __libnds_gtod
 .text.irqDummy
                0x00000000020132e0        0x4 C:/msys64/opt/devkitpro/libnds/lib\libnds9.a(interrupts.o)
                0x00000000020132e0                irqDummy
 .text.irqSet   0x00000000020132e4       0x6c C:/msys64/opt/devkitpro/libnds/lib\libnds9.a(interrupts.o)
                0x00000000020132e4                irqSet
 .text.irqInit  0x0000000002013350       0x50 C:/msys64/opt/devkitpro/libnds/lib\libnds9.a(interrupts.o)
                0x0000000002013350                irqInit
 .text.irqEnable
                0x00000000020133a0       0x64 C:/msys64/opt/devkitpro/libnds/lib\libnds9.a(interrupts.o)
                0x00000000020133a0                irqEnable
 .text.irqDisable
                0x0000000002013404       0x64 C:/msys64/opt/devkitpro/libnds/lib\libnds9.a(interrupts.o)
                0x0000000002013404                irqDisable
 .text.systemErrorExit
                0x0000000002013468        0x4 C:/msys64/opt/devkitpro/libnds/lib\libnds9.a(libnds_exit.arm.o)
                0x0000000002013468                systemErrorExit
 *fill*         0x000000000201346c        0x4 ff
 .text.__libnds_exit
                0x0000000002013470       0x5c C:/msys64/opt/devkitpro/libnds/lib\libnds9.a(libnds_exit.arm.o)
                0x0000000002013470                __libnds_exit
 .text.fifo_waitBlock
                0x00000000020134cc       0x80 C:/msys64/opt/devkitpro/libnds/lib\libnds9.a(fifosystem.o)
 .text.fifo_queueBlock
                0x000000000201354c       0x40 C:/msys64/opt/devkitpro/libnds/lib\libnds9.a(fifosystem.o)
 .text.fifoInternalSendInterrupt
                0x000000000201358c       0xac C:/msys64/opt/devkitpro/libnds/lib\libnds9.a(fifosystem.o)
 .text.fifoInternalSend.part.2
                0x0000000002013638       0xd4 C:/msys64/opt/devkitpro/libnds/lib\libnds9.a(fifosystem.o)
 .text.fifoGetValue32.part.3
                0x000000000201370c       0x74 C:/msys64/opt/devkitpro/libnds/lib\libnds9.a(fifosystem.o)
 .text.fifoSetValue32Handler
                0x0000000002013780       0x78 C:/msys64/opt/devkitpro/libnds/lib\libnds9.a(fifosystem.o)
                0x0000000002013780                fifoSetValue32Handler
 .text.fifoSendAddress
                0x00000000020137f8       0x38 C:/msys64/opt/devkitpro/libnds/lib\libnds9.a(fifosystem.o)
                0x00000000020137f8                fifoSendAddress
 .text.fifoSendValue32
                0x0000000002013830       0x4c C:/msys64/opt/devkitpro/libnds/lib\libnds9.a(fifosystem.o)
                0x0000000002013830                fifoSendValue32
 .text.fifoSendDatamsg
                0x000000000201387c       0x90 C:/msys64/opt/devkitpro/libnds/lib\libnds9.a(fifosystem.o)
                0x000000000201387c                fifoSendDatamsg
 .text.fifoGetValue32
                0x000000000201390c       0x10 C:/msys64/opt/devkitpro/libnds/lib\libnds9.a(fifosystem.o)
                0x000000000201390c                fifoGetValue32
 .text.fifoGetDatamsg
                0x000000000201391c      0x138 C:/msys64/opt/devkitpro/libnds/lib\libnds9.a(fifosystem.o)
                0x000000000201391c                fifoGetDatamsg
 .text.fifoInternalRecvInterrupt
                0x0000000002013a54      0x3dc C:/msys64/opt/devkitpro/libnds/lib\libnds9.a(fifosystem.o)
 .text.fifoSetDatamsgHandler
                0x0000000002013e30       0x9c C:/msys64/opt/devkitpro/libnds/lib\libnds9.a(fifosystem.o)
                0x0000000002013e30                fifoSetDatamsgHandler
 .text.fifoCheckValue32
                0x0000000002013ecc       0x24 C:/msys64/opt/devkitpro/libnds/lib\libnds9.a(fifosystem.o)
                0x0000000002013ecc                fifoCheckValue32
 .text.fifoInit
                0x0000000002013ef0      0x104 C:/msys64/opt/devkitpro/libnds/lib\libnds9.a(fifosystem.o)
                0x0000000002013ef0                fifoInit
 .text.DC_FlushAll
                0x0000000002013ff4       0x2c C:/msys64/opt/devkitpro/libnds/lib\libnds9.a(dcache.o)
                0x0000000002013ff4                DC_FlushAll
 .text.DC_FlushRange
                0x0000000002014020       0x24 C:/msys64/opt/devkitpro/libnds/lib\libnds9.a(dcache.o)
                0x0000000002014020                DC_FlushRange
 .text.DC_InvalidateRange
                0x0000000002014044       0x2c C:/msys64/opt/devkitpro/libnds/lib\libnds9.a(dcache.o)
                0x0000000002014044                DC_InvalidateRange
 .text.__libnds_mpu_setup
                0x0000000002014070      0x174 C:/msys64/opt/devkitpro/libnds/lib\libnds9.a(mpu_setup.o)
                0x0000000002014070                __libnds_mpu_setup
 .text.memUncached
                0x00000000020141e4       0x20 C:/msys64/opt/devkitpro/libnds/lib\libnds9.a(mpu_setup.o)
                0x00000000020141e4                memUncached
 .text.swiWaitForVBlank
                0x0000000002014204        0x8 C:/msys64/opt/devkitpro/libnds/lib\libnds9.a(IntrWait.o)
                0x0000000002014204                swiWaitForVBlank
 .text.swiIntrWait
                0x000000000201420c       0x70 C:/msys64/opt/devkitpro/libnds/lib\libnds9.a(IntrWait.o)
                0x000000000201420c                swiIntrWait
 .text.setCpuClock
                0x000000000201427c       0x50 C:/msys64/opt/devkitpro/libnds/lib\libnds9.a(cpu_clock.o)
                0x000000000201427c                setCpuClock
 .text.swiSoftReset
                0x00000000020142cc       0x2c C:/msys64/opt/devkitpro/libnds/lib\libnds9.a(swiSoftReset.o)
                0x00000000020142cc                swiSoftReset
 .text.systemValueHandler
                0x00000000020142f8       0x48 C:/msys64/opt/devkitpro/libnds/lib\libnds9.a(system.o)
                0x00000000020142f8                systemValueHandler
 .text.systemMsgHandler
                0x0000000002014340       0x5c C:/msys64/opt/devkitpro/libnds/lib\libnds9.a(system.o)
                0x0000000002014340                systemMsgHandler
 .text.powerOn  0x000000000201439c       0x2c C:/msys64/opt/devkitpro/libnds/lib\libnds9.a(system.o)
                0x000000000201439c                powerOn
 .text.getHeader
                0x00000000020143c8        0x4 C:/msys64/opt/devkitpro/libnds/lib\libnds9.a(decompress.o)
 .text.readByte
                0x00000000020143cc        0x4 C:/msys64/opt/devkitpro/libnds/lib\libnds9.a(decompress.o)
 .text.decompress
                0x00000000020143d0       0x40 C:/msys64/opt/devkitpro/libnds/lib\libnds9.a(decompress.o)
                0x00000000020143d0                decompress
 .text.swiDecompressLZSSVram
                0x0000000002014410       0x1c C:/msys64/opt/devkitpro/libnds/lib\libnds9.a(syscalls.o)
                0x0000000002014410                swiDecompressLZSSVram
 .text.swiDelay
                0x000000000201442c        0x4 C:/msys64/opt/devkitpro/libnds/lib\libnds9.a(biosCalls.o)
                0x000000000201442c                swiDelay
 .text.swiDecompressLZSSWram
                0x0000000002014430        0x4 C:/msys64/opt/devkitpro/libnds/lib\libnds9.a(biosCalls.o)
                0x0000000002014430                swiDecompressLZSSWram
 .text.swiDecompressLZSSVramNTR
                0x0000000002014434        0x4 C:/msys64/opt/devkitpro/libnds/lib\libnds9.a(biosCalls.o)
                0x0000000002014434                swiDecompressLZSSVramNTR
 .text.swiDecompressLZSSVramTWL
                0x0000000002014438        0x4 C:/msys64/opt/devkitpro/libnds/lib\libnds9.a(biosCalls.o)
                0x0000000002014438                swiDecompressLZSSVramTWL
 .text.swiDecompressHuffman
                0x000000000201443c        0x4 C:/msys64/opt/devkitpro/libnds/lib\libnds9.a(biosCalls.o)
                0x000000000201443c                swiDecompressHuffman
 .text.swiDecompressRLEWram
                0x0000000002014440        0x4 C:/msys64/opt/devkitpro/libnds/lib\libnds9.a(biosCalls.o)
                0x0000000002014440                swiDecompressRLEWram
 .text.swiDecompressRLEVram
                0x0000000002014444        0x4 C:/msys64/opt/devkitpro/libnds/lib\libnds9.a(biosCalls.o)
                0x0000000002014444                swiDecompressRLEVram
 .text.__muldi3
                0x0000000002014448       0x60 c:/msys64/opt/devkitpro/devkitarm/bin/../lib/gcc/arm-none-eabi/8.3.0/thumb\libgcc.a(_muldi3.o)
                0x0000000002014448                __muldi3
                0x0000000002014448                __aeabi_lmul
 .text.__udivmoddi4
                0x00000000020144a8      0x1a8 c:/msys64/opt/devkitpro/devkitarm/bin/../lib/gcc/arm-none-eabi/8.3.0/thumb\libgcc.a(_udivmoddi4.o)
                0x00000000020144a8                __udivmoddi4
 .text.calloc   0x0000000002014650       0x18 c:/msys64/opt/devkitpro/devkitarm/bin/../lib/gcc/arm-none-eabi/8.3.0/../../../../arm-none-eabi/lib/thumb\libg.a(lib_a-calloc.o)
                0x0000000002014650                calloc
 .text._calloc_r
                0x0000000002014668       0x64 c:/msys64/opt/devkitpro/devkitarm/bin/../lib/gcc/arm-none-eabi/8.3.0/../../../../arm-none-eabi/lib/thumb\libg.a(lib_a-callocr.o)
                0x0000000002014668                _calloc_r
 .text.__errno  0x00000000020146cc        0xc c:/msys64/opt/devkitpro/devkitarm/bin/../lib/gcc/arm-none-eabi/8.3.0/../../../../arm-none-eabi/lib/thumb\libg.a(lib_a-errno.o)
                0x00000000020146cc                __errno
 .text._fclose_r
                0x00000000020146d8       0xe4 c:/msys64/opt/devkitpro/devkitarm/bin/../lib/gcc/arm-none-eabi/8.3.0/../../../../arm-none-eabi/lib/thumb\libg.a(lib_a-fclose.o)
                0x00000000020146d8                _fclose_r
 .text.fclose   0x00000000020147bc       0x14 c:/msys64/opt/devkitpro/devkitarm/bin/../lib/gcc/arm-none-eabi/8.3.0/../../../../arm-none-eabi/lib/thumb\libg.a(lib_a-fclose.o)
                0x00000000020147bc                fclose
 .text.__sflush_r
                0x00000000020147d0      0x1b8 c:/msys64/opt/devkitpro/devkitarm/bin/../lib/gcc/arm-none-eabi/8.3.0/../../../../arm-none-eabi/lib/thumb\libg.a(lib_a-fflush.o)
                0x00000000020147d0                __sflush_r
 .text._fflush_r
                0x0000000002014988       0x70 c:/msys64/opt/devkitpro/devkitarm/bin/../lib/gcc/arm-none-eabi/8.3.0/../../../../arm-none-eabi/lib/thumb\libg.a(lib_a-fflush.o)
                0x0000000002014988                _fflush_r
 .text.fflush   0x00000000020149f8       0x2c c:/msys64/opt/devkitpro/devkitarm/bin/../lib/gcc/arm-none-eabi/8.3.0/../../../../arm-none-eabi/lib/thumb\libg.a(lib_a-fflush.o)
                0x00000000020149f8                fflush
 .text.std      0x0000000002014a24       0x54 c:/msys64/opt/devkitpro/devkitarm/bin/../lib/gcc/arm-none-eabi/8.3.0/../../../../arm-none-eabi/lib/thumb\libg.a(lib_a-findfp.o)
 .text._cleanup_r
                0x0000000002014a78       0x14 c:/msys64/opt/devkitpro/devkitarm/bin/../lib/gcc/arm-none-eabi/8.3.0/../../../../arm-none-eabi/lib/thumb\libg.a(lib_a-findfp.o)
                0x0000000002014a78                _cleanup_r
 .text.__sfmoreglue
                0x0000000002014a8c       0x34 c:/msys64/opt/devkitpro/devkitarm/bin/../lib/gcc/arm-none-eabi/8.3.0/../../../../arm-none-eabi/lib/thumb\libg.a(lib_a-findfp.o)
                0x0000000002014a8c                __sfmoreglue
 .text.__sinit  0x0000000002014ac0       0x64 c:/msys64/opt/devkitpro/devkitarm/bin/../lib/gcc/arm-none-eabi/8.3.0/../../../../arm-none-eabi/lib/thumb\libg.a(lib_a-findfp.o)
                0x0000000002014ac0                __sinit
 .text.__sfp    0x0000000002014b24       0xac c:/msys64/opt/devkitpro/devkitarm/bin/../lib/gcc/arm-none-eabi/8.3.0/../../../../arm-none-eabi/lib/thumb\libg.a(lib_a-findfp.o)
                0x0000000002014b24                __sfp
 .text.__sfp_lock_acquire
                0x0000000002014bd0       0x14 c:/msys64/opt/devkitpro/devkitarm/bin/../lib/gcc/arm-none-eabi/8.3.0/../../../../arm-none-eabi/lib/thumb\libg.a(lib_a-findfp.o)
                0x0000000002014bd0                __sfp_lock_acquire
 .text.__sfp_lock_release
                0x0000000002014be4       0x14 c:/msys64/opt/devkitpro/devkitarm/bin/../lib/gcc/arm-none-eabi/8.3.0/../../../../arm-none-eabi/lib/thumb\libg.a(lib_a-findfp.o)
                0x0000000002014be4                __sfp_lock_release
 .text._fopen_r
                0x0000000002014bf8       0xb8 c:/msys64/opt/devkitpro/devkitarm/bin/../lib/gcc/arm-none-eabi/8.3.0/../../../../arm-none-eabi/lib/thumb\libg.a(lib_a-fopen.o)
                0x0000000002014bf8                _fopen_r
 .text.fopen    0x0000000002014cb0       0x18 c:/msys64/opt/devkitpro/devkitarm/bin/../lib/gcc/arm-none-eabi/8.3.0/../../../../arm-none-eabi/lib/thumb\libg.a(lib_a-fopen.o)
                0x0000000002014cb0                fopen
 .text.fprintf  0x0000000002014cc8       0x28 c:/msys64/opt/devkitpro/devkitarm/bin/../lib/gcc/arm-none-eabi/8.3.0/../../../../arm-none-eabi/lib/thumb\libg.a(lib_a-fprintf.o)
                0x0000000002014cc8                fprintf
 .text._fputs_r
                0x0000000002014cf0       0x6c c:/msys64/opt/devkitpro/devkitarm/bin/../lib/gcc/arm-none-eabi/8.3.0/../../../../arm-none-eabi/lib/thumb\libg.a(lib_a-fputs.o)
                0x0000000002014cf0                _fputs_r
 .text.fputs    0x0000000002014d5c       0x18 c:/msys64/opt/devkitpro/devkitarm/bin/../lib/gcc/arm-none-eabi/8.3.0/../../../../arm-none-eabi/lib/thumb\libg.a(lib_a-fputs.o)
                0x0000000002014d5c                fputs
 .text._fread_r
                0x0000000002014d74      0x1f4 c:/msys64/opt/devkitpro/devkitarm/bin/../lib/gcc/arm-none-eabi/8.3.0/../../../../arm-none-eabi/lib/thumb\libg.a(lib_a-fread.o)
                0x0000000002014d74                _fread_r
 .text.fread    0x0000000002014f68       0x24 c:/msys64/opt/devkitpro/devkitarm/bin/../lib/gcc/arm-none-eabi/8.3.0/../../../../arm-none-eabi/lib/thumb\libg.a(lib_a-fread.o)
                0x0000000002014f68                fread
 .text._malloc_trim_r
                0x0000000002014f8c       0xa4 c:/msys64/opt/devkitpro/devkitarm/bin/../lib/gcc/arm-none-eabi/8.3.0/../../../../arm-none-eabi/lib/thumb\libg.a(lib_a-freer.o)
                0x0000000002014f8c                _malloc_trim_r
 .text._free_r  0x0000000002015030      0x1e0 c:/msys64/opt/devkitpro/devkitarm/bin/../lib/gcc/arm-none-eabi/8.3.0/../../../../arm-none-eabi/lib/thumb\libg.a(lib_a-freer.o)
                0x0000000002015030                _free_r
 .text._fseek_r
                0x0000000002015210       0x18 c:/msys64/opt/devkitpro/devkitarm/bin/../lib/gcc/arm-none-eabi/8.3.0/../../../../arm-none-eabi/lib/thumb\libg.a(lib_a-fseek.o)
                0x0000000002015210                _fseek_r
 .text.fseek    0x0000000002015228       0x24 c:/msys64/opt/devkitpro/devkitarm/bin/../lib/gcc/arm-none-eabi/8.3.0/../../../../arm-none-eabi/lib/thumb\libg.a(lib_a-fseek.o)
                0x0000000002015228                fseek
 .text._fseeko_r
                0x000000000201524c      0x488 c:/msys64/opt/devkitpro/devkitarm/bin/../lib/gcc/arm-none-eabi/8.3.0/../../../../arm-none-eabi/lib/thumb\libg.a(lib_a-fseeko.o)
                0x000000000201524c                _fseeko_r
 .text.ftell    0x00000000020156d4       0x24 c:/msys64/opt/devkitpro/devkitarm/bin/../lib/gcc/arm-none-eabi/8.3.0/../../../../arm-none-eabi/lib/thumb\libg.a(lib_a-ftell.o)
                0x00000000020156d4                ftell
 .text._ftello_r
                0x00000000020156f8      0x124 c:/msys64/opt/devkitpro/devkitarm/bin/../lib/gcc/arm-none-eabi/8.3.0/../../../../arm-none-eabi/lib/thumb\libg.a(lib_a-ftello.o)
                0x00000000020156f8                _ftello_r
 .text.__sfvwrite_r
                0x000000000201581c      0x348 c:/msys64/opt/devkitpro/devkitarm/bin/../lib/gcc/arm-none-eabi/8.3.0/../../../../arm-none-eabi/lib/thumb\libg.a(lib_a-fvwrite.o)
                0x000000000201581c                __sfvwrite_r
 .text._fwalk   0x0000000002015b64       0x4c c:/msys64/opt/devkitpro/devkitarm/bin/../lib/gcc/arm-none-eabi/8.3.0/../../../../arm-none-eabi/lib/thumb\libg.a(lib_a-fwalk.o)
                0x0000000002015b64                _fwalk
 .text._fwalk_reent
                0x0000000002015bb0       0x54 c:/msys64/opt/devkitpro/devkitarm/bin/../lib/gcc/arm-none-eabi/8.3.0/../../../../arm-none-eabi/lib/thumb\libg.a(lib_a-fwalk.o)
                0x0000000002015bb0                _fwalk_reent
 .text._fwrite_r
                0x0000000002015c04       0x94 c:/msys64/opt/devkitpro/devkitarm/bin/../lib/gcc/arm-none-eabi/8.3.0/../../../../arm-none-eabi/lib/thumb\libg.a(lib_a-fwrite.o)
                0x0000000002015c04                _fwrite_r
 .text.fwrite   0x0000000002015c98       0x24 c:/msys64/opt/devkitpro/devkitarm/bin/../lib/gcc/arm-none-eabi/8.3.0/../../../../arm-none-eabi/lib/thumb\libg.a(lib_a-fwrite.o)
                0x0000000002015c98                fwrite
 .text.__libc_init_array
                0x0000000002015cbc       0x50 c:/msys64/opt/devkitpro/devkitarm/bin/../lib/gcc/arm-none-eabi/8.3.0/../../../../arm-none-eabi/lib/thumb\libg.a(lib_a-init.o)
                0x0000000002015cbc                __libc_init_array
 .text.iprintf  0x0000000002015d0c       0x24 c:/msys64/opt/devkitpro/devkitarm/bin/../lib/gcc/arm-none-eabi/8.3.0/../../../../arm-none-eabi/lib/thumb\libg.a(lib_a-iprintf.o)
                0x0000000002015d0c                iprintf
 .text.localtime
                0x0000000002015d30       0x18 c:/msys64/opt/devkitpro/devkitarm/bin/../lib/gcc/arm-none-eabi/8.3.0/../../../../arm-none-eabi/lib/thumb\libg.a(lib_a-lcltime.o)
                0x0000000002015d30                localtime
 .text.localtime_r
                0x0000000002015d48      0x24c c:/msys64/opt/devkitpro/devkitarm/bin/../lib/gcc/arm-none-eabi/8.3.0/../../../../arm-none-eabi/lib/thumb\libg.a(lib_a-lcltime_r.o)
                0x0000000002015d48                localtime_r
 .text.__locale_mb_cur_max
                0x0000000002015f94       0x10 c:/msys64/opt/devkitpro/devkitarm/bin/../lib/gcc/arm-none-eabi/8.3.0/../../../../arm-none-eabi/lib/thumb\libg.a(lib_a-locale.o)
                0x0000000002015f94                __locale_mb_cur_max
 .text.__swhatbuf_r
                0x0000000002015fa4       0x64 c:/msys64/opt/devkitpro/devkitarm/bin/../lib/gcc/arm-none-eabi/8.3.0/../../../../arm-none-eabi/lib/thumb\libg.a(lib_a-makebuf.o)
                0x0000000002015fa4                __swhatbuf_r
 .text.__smakebuf_r
                0x0000000002016008       0x98 c:/msys64/opt/devkitpro/devkitarm/bin/../lib/gcc/arm-none-eabi/8.3.0/../../../../arm-none-eabi/lib/thumb\libg.a(lib_a-makebuf.o)
                0x0000000002016008                __smakebuf_r
 .text.malloc   0x00000000020160a0       0x14 c:/msys64/opt/devkitpro/devkitarm/bin/../lib/gcc/arm-none-eabi/8.3.0/../../../../arm-none-eabi/lib/thumb\libg.a(lib_a-malloc.o)
                0x00000000020160a0                malloc
 .text.free     0x00000000020160b4       0x14 c:/msys64/opt/devkitpro/devkitarm/bin/../lib/gcc/arm-none-eabi/8.3.0/../../../../arm-none-eabi/lib/thumb\libg.a(lib_a-malloc.o)
                0x00000000020160b4                free
 .text._malloc_r
                0x00000000020160c8      0x594 c:/msys64/opt/devkitpro/devkitarm/bin/../lib/gcc/arm-none-eabi/8.3.0/../../../../arm-none-eabi/lib/thumb\libg.a(lib_a-mallocr.o)
                0x00000000020160c8                _malloc_r
 .text._mbrtowc_r
                0x000000000201665c       0x60 c:/msys64/opt/devkitpro/devkitarm/bin/../lib/gcc/arm-none-eabi/8.3.0/../../../../arm-none-eabi/lib/thumb\libg.a(lib_a-mbrtowc.o)
                0x000000000201665c                _mbrtowc_r
 .text.mbrtowc  0x00000000020166bc       0x7c c:/msys64/opt/devkitpro/devkitarm/bin/../lib/gcc/arm-none-eabi/8.3.0/../../../../arm-none-eabi/lib/thumb\libg.a(lib_a-mbrtowc.o)
                0x00000000020166bc                mbrtowc
 .text.mbsrtowcs
                0x0000000002016738       0x28 c:/msys64/opt/devkitpro/devkitarm/bin/../lib/gcc/arm-none-eabi/8.3.0/../../../../arm-none-eabi/lib/thumb\libg.a(lib_a-mbsrtowcs.o)
                0x0000000002016738                mbsrtowcs
 .text.__utf8_mbtowc
                0x0000000002016760      0x294 c:/msys64/opt/devkitpro/devkitarm/bin/../lib/gcc/arm-none-eabi/8.3.0/../../../../arm-none-eabi/lib/thumb\libg.a(lib_a-mbtowc_r.o)
                0x0000000002016760                __utf8_mbtowc
 .text.memchr   0x00000000020169f4       0x84 c:/msys64/opt/devkitpro/devkitarm/bin/../lib/gcc/arm-none-eabi/8.3.0/../../../../arm-none-eabi/lib/thumb\libg.a(lib_a-memchr-stub.o)
                0x00000000020169f4                memchr
 .text.memcmp   0x0000000002016a78       0x54 c:/msys64/opt/devkitpro/devkitarm/bin/../lib/gcc/arm-none-eabi/8.3.0/../../../../arm-none-eabi/lib/thumb\libg.a(lib_a-memcmp.o)
                0x0000000002016a78                memcmp
 .text.memcpy   0x0000000002016acc       0xac c:/msys64/opt/devkitpro/devkitarm/bin/../lib/gcc/arm-none-eabi/8.3.0/../../../../arm-none-eabi/lib/thumb\libg.a(lib_a-memcpy-stub.o)
                0x0000000002016acc                memcpy
 .text.memmove  0x0000000002016b78       0xb4 c:/msys64/opt/devkitpro/devkitarm/bin/../lib/gcc/arm-none-eabi/8.3.0/../../../../arm-none-eabi/lib/thumb\libg.a(lib_a-memmove.o)
                0x0000000002016b78                memmove
 .text.memset   0x0000000002016c2c       0xb0 c:/msys64/opt/devkitpro/devkitarm/bin/../lib/gcc/arm-none-eabi/8.3.0/../../../../arm-none-eabi/lib/thumb\libg.a(lib_a-memset.o)
                0x0000000002016c2c                memset
 .text.validate_structure
                0x0000000002016cdc      0x1e0 c:/msys64/opt/devkitpro/devkitarm/bin/../lib/gcc/arm-none-eabi/8.3.0/../../../../arm-none-eabi/lib/thumb\libg.a(lib_a-mktime.o)
 .text.mktime   0x0000000002016ebc      0x448 c:/msys64/opt/devkitpro/devkitarm/bin/../lib/gcc/arm-none-eabi/8.3.0/../../../../arm-none-eabi/lib/thumb\libg.a(lib_a-mktime.o)
                0x0000000002016ebc                mktime
 .text.__malloc_lock
                0x0000000002017304       0x14 c:/msys64/opt/devkitpro/devkitarm/bin/../lib/gcc/arm-none-eabi/8.3.0/../../../../arm-none-eabi/lib/thumb\libg.a(lib_a-mlock.o)
                0x0000000002017304                __malloc_lock
 .text.__malloc_unlock
                0x0000000002017318       0x14 c:/msys64/opt/devkitpro/devkitarm/bin/../lib/gcc/arm-none-eabi/8.3.0/../../../../arm-none-eabi/lib/thumb\libg.a(lib_a-mlock.o)
                0x0000000002017318                __malloc_unlock
 .text.realloc  0x000000000201732c       0x18 c:/msys64/opt/devkitpro/devkitarm/bin/../lib/gcc/arm-none-eabi/8.3.0/../../../../arm-none-eabi/lib/thumb\libg.a(lib_a-realloc.o)
                0x000000000201732c                realloc
 .text._realloc_r
                0x0000000002017344      0x370 c:/msys64/opt/devkitpro/devkitarm/bin/../lib/gcc/arm-none-eabi/8.3.0/../../../../arm-none-eabi/lib/thumb\libg.a(lib_a-reallocr.o)
                0x0000000002017344                _realloc_r
 .text.lflush   0x00000000020176b4       0x20 c:/msys64/opt/devkitpro/devkitarm/bin/../lib/gcc/arm-none-eabi/8.3.0/../../../../arm-none-eabi/lib/thumb\libg.a(lib_a-refill.o)
 .text.__srefill_r
                0x00000000020176d4      0x110 c:/msys64/opt/devkitpro/devkitarm/bin/../lib/gcc/arm-none-eabi/8.3.0/../../../../arm-none-eabi/lib/thumb\libg.a(lib_a-refill.o)
                0x00000000020176d4                __srefill_r
 .text.remove   0x00000000020177e4       0x1c c:/msys64/opt/devkitpro/devkitarm/bin/../lib/gcc/arm-none-eabi/8.3.0/../../../../arm-none-eabi/lib/thumb\libg.a(lib_a-remove.o)
                0x00000000020177e4                remove
 .text.rewind   0x0000000002017800       0x20 c:/msys64/opt/devkitpro/devkitarm/bin/../lib/gcc/arm-none-eabi/8.3.0/../../../../arm-none-eabi/lib/thumb\libg.a(lib_a-rewind.o)
                0x0000000002017800                rewind
 .text.scanf    0x0000000002017820       0x24 c:/msys64/opt/devkitpro/devkitarm/bin/../lib/gcc/arm-none-eabi/8.3.0/../../../../arm-none-eabi/lib/thumb\libg.a(lib_a-scanf.o)
                0x0000000002017820                scanf
 .text.setvbuf  0x0000000002017844      0x1a0 c:/msys64/opt/devkitpro/devkitarm/bin/../lib/gcc/arm-none-eabi/8.3.0/../../../../arm-none-eabi/lib/thumb\libg.a(lib_a-setvbuf.o)
                0x0000000002017844                setvbuf
 .text.siscanf  0x00000000020179e4       0x4c c:/msys64/opt/devkitpro/devkitarm/bin/../lib/gcc/arm-none-eabi/8.3.0/../../../../arm-none-eabi/lib/thumb\libg.a(lib_a-siscanf.o)
                0x00000000020179e4                siscanf
 .text.sprintf  0x0000000002017a30       0x40 c:/msys64/opt/devkitpro/devkitarm/bin/../lib/gcc/arm-none-eabi/8.3.0/../../../../arm-none-eabi/lib/thumb\libg.a(lib_a-sprintf.o)
                0x0000000002017a30                sprintf
 .text.__sread  0x0000000002017a70       0x34 c:/msys64/opt/devkitpro/devkitarm/bin/../lib/gcc/arm-none-eabi/8.3.0/../../../../arm-none-eabi/lib/thumb\libg.a(lib_a-stdio.o)
                0x0000000002017a70                __sread
 .text.__seofread
                0x0000000002017aa4        0x4 c:/msys64/opt/devkitpro/devkitarm/bin/../lib/gcc/arm-none-eabi/8.3.0/../../../../arm-none-eabi/lib/thumb\libg.a(lib_a-stdio.o)
                0x0000000002017aa4                __seofread
 .text.__swrite
                0x0000000002017aa8       0x4c c:/msys64/opt/devkitpro/devkitarm/bin/../lib/gcc/arm-none-eabi/8.3.0/../../../../arm-none-eabi/lib/thumb\libg.a(lib_a-stdio.o)
                0x0000000002017aa8                __swrite
 .text.__sseek  0x0000000002017af4       0x40 c:/msys64/opt/devkitpro/devkitarm/bin/../lib/gcc/arm-none-eabi/8.3.0/../../../../arm-none-eabi/lib/thumb\libg.a(lib_a-stdio.o)
                0x0000000002017af4                __sseek
 .text.__sclose
                0x0000000002017b34       0x10 c:/msys64/opt/devkitpro/devkitarm/bin/../lib/gcc/arm-none-eabi/8.3.0/../../../../arm-none-eabi/lib/thumb\libg.a(lib_a-stdio.o)
                0x0000000002017b34                __sclose
 .text.stpcpy   0x0000000002017b44       0x4c c:/msys64/opt/devkitpro/devkitarm/bin/../lib/gcc/arm-none-eabi/8.3.0/../../../../arm-none-eabi/lib/thumb\libg.a(lib_a-stpcpy.o)
                0x0000000002017b44                stpcpy
 .text.strchr   0x0000000002017b90       0xd8 c:/msys64/opt/devkitpro/devkitarm/bin/../lib/gcc/arm-none-eabi/8.3.0/../../../../arm-none-eabi/lib/thumb\libg.a(lib_a-strchr.o)
                0x0000000002017b90                strchr
 .text.strcpy   0x0000000002017c68       0x10 c:/msys64/opt/devkitpro/devkitarm/bin/../lib/gcc/arm-none-eabi/8.3.0/../../../../arm-none-eabi/lib/thumb\libg.a(lib_a-strcpy.o)
                0x0000000002017c68                strcpy
 .text.strlen   0x0000000002017c78       0x6c c:/msys64/opt/devkitpro/devkitarm/bin/../lib/gcc/arm-none-eabi/8.3.0/../../../../arm-none-eabi/lib/thumb\libg.a(lib_a-strlen-stub.o)
                0x0000000002017c78                strlen
 .text.strncasecmp
                0x0000000002017ce4       0x50 c:/msys64/opt/devkitpro/devkitarm/bin/../lib/gcc/arm-none-eabi/8.3.0/../../../../arm-none-eabi/lib/thumb\libg.a(lib_a-strncasecmp.o)
                0x0000000002017ce4                strncasecmp
 .text.strncmp  0x0000000002017d34       0x90 c:/msys64/opt/devkitpro/devkitarm/bin/../lib/gcc/arm-none-eabi/8.3.0/../../../../arm-none-eabi/lib/thumb\libg.a(lib_a-strncmp.o)
                0x0000000002017d34                strncmp
 .text.strncpy  0x0000000002017dc4       0x84 c:/msys64/opt/devkitpro/devkitarm/bin/../lib/gcc/arm-none-eabi/8.3.0/../../../../arm-none-eabi/lib/thumb\libg.a(lib_a-strncpy.o)
                0x0000000002017dc4                strncpy
 .text.strnlen  0x0000000002017e48       0x30 c:/msys64/opt/devkitpro/devkitarm/bin/../lib/gcc/arm-none-eabi/8.3.0/../../../../arm-none-eabi/lib/thumb\libg.a(lib_a-strnlen.o)
                0x0000000002017e48                strnlen
 .text.strpbrk  0x0000000002017e78       0x4c c:/msys64/opt/devkitpro/devkitarm/bin/../lib/gcc/arm-none-eabi/8.3.0/../../../../arm-none-eabi/lib/thumb\libg.a(lib_a-strpbrk.o)
                0x0000000002017e78                strpbrk
 .text.strrchr  0x0000000002017ec4       0x2c c:/msys64/opt/devkitpro/devkitarm/bin/../lib/gcc/arm-none-eabi/8.3.0/../../../../arm-none-eabi/lib/thumb\libg.a(lib_a-strrchr.o)
                0x0000000002017ec4                strrchr
 .text._strtol_l.isra.0
                0x0000000002017ef0      0x13c c:/msys64/opt/devkitpro/devkitarm/bin/../lib/gcc/arm-none-eabi/8.3.0/../../../../arm-none-eabi/lib/thumb\libg.a(lib_a-strtol.o)
 .text._strtol_r
                0x000000000201802c        0xc c:/msys64/opt/devkitpro/devkitarm/bin/../lib/gcc/arm-none-eabi/8.3.0/../../../../arm-none-eabi/lib/thumb\libg.a(lib_a-strtol.o)
                0x000000000201802c                _strtol_r
 .text.get_arg  0x0000000002018038       0x24 c:/msys64/opt/devkitpro/devkitarm/bin/../lib/gcc/arm-none-eabi/8.3.0/../../../../arm-none-eabi/lib/thumb\libg.a(lib_a-svfiscanf.o)
 .text._sungetc_r
                0x000000000201805c       0x7e c:/msys64/opt/devkitpro/devkitarm/bin/../lib/gcc/arm-none-eabi/8.3.0/../../../../arm-none-eabi/lib/thumb\libg.a(lib_a-svfiscanf.o)
                0x000000000201805c                _sungetc_r
 .text.__ssrefill_r
                0x00000000020180da       0x42 c:/msys64/opt/devkitpro/devkitarm/bin/../lib/gcc/arm-none-eabi/8.3.0/../../../../arm-none-eabi/lib/thumb\libg.a(lib_a-svfiscanf.o)
                0x00000000020180da                __ssrefill_r
 .text._sfread_r
                0x000000000201811c       0x8a c:/msys64/opt/devkitpro/devkitarm/bin/../lib/gcc/arm-none-eabi/8.3.0/../../../../arm-none-eabi/lib/thumb\libg.a(lib_a-svfiscanf.o)
                0x000000000201811c                _sfread_r
 *fill*         0x00000000020181a6        0x2 ff
 .text.__ssvfiscanf_r
                0x00000000020181a8     0x1b24 c:/msys64/opt/devkitpro/devkitarm/bin/../lib/gcc/arm-none-eabi/8.3.0/../../../../arm-none-eabi/lib/thumb\libg.a(lib_a-svfiscanf.o)
                0x00000000020181a8                __ssvfiscanf_r
 .text.get_arg  0x0000000002019ccc      0x3c0 c:/msys64/opt/devkitpro/devkitarm/bin/../lib/gcc/arm-none-eabi/8.3.0/../../../../arm-none-eabi/lib/thumb\libg.a(lib_a-svfprintf.o)
 .text._svfprintf_r
                0x000000000201a08c     0x2444 c:/msys64/opt/devkitpro/devkitarm/bin/../lib/gcc/arm-none-eabi/8.3.0/../../../../arm-none-eabi/lib/thumb\libg.a(lib_a-svfprintf.o)
                0x000000000201a08c                _svfprintf_r
 .text.time     0x000000000201c4d0       0x34 c:/msys64/opt/devkitpro/devkitarm/bin/../lib/gcc/arm-none-eabi/8.3.0/../../../../arm-none-eabi/lib/thumb\libg.a(lib_a-time.o)
                0x000000000201c4d0                time
 .text.towlower
                0x000000000201c504       0x10 c:/msys64/opt/devkitpro/devkitarm/bin/../lib/gcc/arm-none-eabi/8.3.0/../../../../arm-none-eabi/lib/thumb\libg.a(lib_a-towlower.o)